#-----------------------------------------------------------
# xsim v2025.2 (64-bit)
# SW Build 6299465 on Fri Nov 14 19:35:11 GMT 2025
# IP Build 6300035 on Fri Nov 14 10:48:45 MST 2025
# SharedData Build 6298862 on Thu Nov 13 04:50:51 MST 2025
# Start of session at: Sat Mar 21 23:54:34 2026
# Process ID         : 40124
# Current directory  : T:/Documents/ECE574/Labs/digit_classifier_accelerator/knn_accelerator/knn_accelerator/hls/sim/verilog
# Command line       : xsim.exe -mode tcl -source {xsim.dir/knn_accelerator/xsim_script.tcl}
# Log file           : T:/Documents/ECE574/Labs/digit_classifier_accelerator/knn_accelerator/knn_accelerator/hls/sim/verilog/xsim.log
# Journal file       : T:/Documents/ECE574/Labs/digit_classifier_accelerator/knn_accelerator/knn_accelerator/hls/sim/verilog\xsim.jou
# Running On         : jwood_Win_PC
# Platform           : Windows Server 2016 or Windows 10
# Operating System   : 26200
# Processor Detail   : AMD Ryzen 9 5900HS with Radeon Graphics        
# CPU Frequency      : 3294 MHz
# CPU Physical cores : 8
# CPU Logical cores  : 16
# Host memory        : 16541 MB
# Swap memory        : 15184 MB
# Total Virtual      : 31725 MB
# Available Virtual  : 2107 MB
#-----------------------------------------------------------
source xsim.dir/knn_accelerator/xsim_script.tcl
open_wave_config knn_accelerator_dataflow_ana.wcfg
source knn_accelerator.tcl
