

================================================================
== Synthesis Summary Report of 'knn_accelerator'
================================================================
+ General Information: 
    * Date:           Sun Mar 22 01:55:01 2026
    * Version:        2025.2 (Build 6295257 on Nov 14 2025)
    * Project:        knn_accelerator
    * Solution:       hls (Vivado IP Flow Target)
    * Product family: zynq
    * Target device:  xc7z020-clg400-1
    

* Performance & Resource Estimates: 
+------------------------------------------------+------+---------------+----------+---------+------+----------+---------+-----------+------+--------+--------+-----------+------------+-----+
|                     Modules                    | Issue|               | Iteration|         | Trip |          |       Latency       |      |        |        |           |            |     |
|                     & Loops                    | Type | Violation Type|  Latency | Interval| Count| Pipelined| (cycles)|    (ns)   | Slack|  BRAM  |   DSP  |     FF    |     LUT    | URAM|
+------------------------------------------------+------+---------------+----------+---------+------+----------+---------+-----------+------+--------+--------+-----------+------------+-----+
|+ knn_accelerator                               |     -|              -|         -|    38828|     -|        no|    38827|  3.883e+05|  0.00|  6 (2%)|  4 (1%)|  4341 (4%)|  5395 (10%)|    -|
| o test_data                                    |     -|              -|      3882|        -|    10|        no|    38820|  3.882e+05|  7.30|       -|       -|          -|           -|    -|
|  + knn_distance_and_sort                       |     -|              -|         -|     3837|     -|        no|     3837|  3.837e+04|  0.00|       -|  4 (1%)|  889 (~0%)|   1404 (2%)|    -|
|   + knn_distance_and_sort_Outline_init_top_k   |     -|              -|         -|        4|     -|        no|        4|     40.000|  4.15|       -|       -|    4 (~0%)|    43 (~0%)|    -|
|    o init_top_k                                |     -|              -|         1|        -|     3|        no|        3|     30.000|  7.30|       -|       -|          -|           -|    -|
|   + knn_distance_and_sort_Outline_train_loop   |     -|              -|         -|     3551|     -|        no|     3551|  3.551e+04|  0.00|       -|  4 (1%)|  498 (~0%)|   428 (~0%)|    -|
|    o train_loop                                |     -|              -|       355|        -|    10|        no|     3550|  3.550e+04|  7.30|       -|       -|          -|           -|    -|
|     o feature_loop                             |     -|              -|         7|        -|    49|        no|      344|  3.440e+03|  7.30|       -|       -|          -|           -|    -|
|   + knn_distance_and_sort_Outline_sort_loop_i  |     -|              -|         -|      262|     -|        no|      262|  2.620e+03|  2.04|       -|       -|  134 (~0%)|   228 (~0%)|    -|
|    o sort_loop_i                               |     -|              -|        29|        -|     9|        no|      261|  2.610e+03|  7.30|       -|       -|          -|           -|    -|
|     o sort_loop_j                              |     -|              -|         3|        -|     9|        no|       27|    270.000|  7.30|       -|       -|          -|           -|    -|
|   o copy_top_k                                 |     -|              -|         2|        -|     3|        no|        6|     60.000|  7.30|       -|       -|          -|           -|    -|
|  + knn_majority_vote                           |     -|              -|         -|       39|     -|        no|       39|    390.000|  0.10|       -|       -|   97 (~0%)|   336 (~0%)|    -|
|   o count_init_loop                            |     -|              -|         1|        -|    10|        no|       10|    100.000|  7.30|       -|       -|          -|           -|    -|
|   o set_counts_loop                            |     -|              -|         2|        -|     3|        no|        6|     60.000|  7.30|       -|       -|          -|           -|    -|
|   o max_count_loop                             |     -|              -|         2|        -|    10|        no|       20|    200.000|  7.30|       -|       -|          -|           -|    -|
+------------------------------------------------+------+---------------+----------+---------+------+----------+---------+-----------+------+--------+--------+-----------+------------+-----+
    Name Prefix: '+' for module, 'o' for loop, '*' for dataflow


================================================================
== HW Interfaces
================================================================
* M_AXI
+--------------------+------------+------------+---------------+---------+--------+----------+-----------+--------------+--------------+-------------+-------------+-------------------+
| Interface          | Read/Write | Data Width | Address Width | Latency | Offset | Register | Max Widen | Max Read     | Max Write    | Num Read    | Num Write   | Resource Estimate |
|                    |            | (SW->HW)   |               |         |        |          | Bitwidth  | Burst Length | Burst Length | Outstanding | Outstanding |                   |
+--------------------+------------+------------+---------------+---------+--------+----------+-----------+--------------+--------------+-------------+-------------+-------------------+
| m_axi_gmem_x_test  | READ_ONLY  | 28 -> 32   | 64            | 0       | slave  | 0        | 0         | 16           | 16           | 16          | 16          | BRAM=2            |
| m_axi_gmem_x_train | READ_ONLY  | 28 -> 32   | 64            | 0       | slave  | 0        | 0         | 16           | 16           | 16          | 16          | BRAM=2            |
| m_axi_gmem_y_test  | WRITE_ONLY | 4 -> 8     | 64            | 0       | slave  | 0        | 0         | 16           | 16           | 16          | 16          |                   |
| m_axi_gmem_y_train | READ_ONLY  | 4 -> 8     | 64            | 0       | slave  | 0        | 0         | 16           | 16           | 16          | 16          | BRAM=2            |
+--------------------+------------+------------+---------------+---------+--------+----------+-----------+--------------+--------------+-------------+-------------+-------------------+

* S_AXILITE Interfaces
+-----------------+------------+---------------+--------+----------+
| Interface       | Data Width | Address Width | Offset | Register |
+-----------------+------------+---------------+--------+----------+
| s_axi_control   | 32         | 4             |        |          |
| s_axi_control_r | 32         | 6             | 16     | 0        |
+-----------------+------------+---------------+--------+----------+

* S_AXILITE Registers
+-----------------+-----------+--------+-------+--------+----------------------------------+----------------------------------------------------------------------+
| Interface       | Register  | Offset | Width | Access | Description                      | Bit Fields                                                           |
+-----------------+-----------+--------+-------+--------+----------------------------------+----------------------------------------------------------------------+
| s_axi_control   | CTRL      | 0x00   | 32    | RW     | Control signals                  | 0=AP_START 1=AP_DONE 2=AP_IDLE 3=AP_READY 7=AUTO_RESTART 9=INTERRUPT |
| s_axi_control   | GIER      | 0x04   | 32    | RW     | Global Interrupt Enable Register | 0=Enable                                                             |
| s_axi_control   | IP_IER    | 0x08   | 32    | RW     | IP Interrupt Enable Register     | 0=CHAN0_INT_EN 1=CHAN1_INT_EN                                        |
| s_axi_control   | IP_ISR    | 0x0c   | 32    | RW     | IP Interrupt Status Register     | 0=CHAN0_INT_ST 1=CHAN1_INT_ST                                        |
| s_axi_control_r | X_test_1  | 0x10   | 32    | W      | Data signal of X_test            |                                                                      |
| s_axi_control_r | X_test_2  | 0x14   | 32    | W      | Data signal of X_test            |                                                                      |
| s_axi_control_r | X_train_1 | 0x1c   | 32    | W      | Data signal of X_train           |                                                                      |
| s_axi_control_r | X_train_2 | 0x20   | 32    | W      | Data signal of X_train           |                                                                      |
| s_axi_control_r | y_train_1 | 0x28   | 32    | W      | Data signal of y_train           |                                                                      |
| s_axi_control_r | y_train_2 | 0x2c   | 32    | W      | Data signal of y_train           |                                                                      |
| s_axi_control_r | y_test_1  | 0x34   | 32    | W      | Data signal of y_test            |                                                                      |
| s_axi_control_r | y_test_2  | 0x38   | 32    | W      | Data signal of y_test            |                                                                      |
+-----------------+-----------+--------+-------+--------+----------------------------------+----------------------------------------------------------------------+

* TOP LEVEL CONTROL
+-----------+------------+-----------+
| Interface | Type       | Ports     |
+-----------+------------+-----------+
| ap_clk    | clock      | ap_clk    |
| ap_rst_n  | reset      | ap_rst_n  |
| interrupt | interrupt  | interrupt |
| ap_ctrl   | ap_ctrl_hs |           |
+-----------+------------+-----------+


================================================================
== SW I/O Information
================================================================
* Top Function Arguments
+----------+-----------+-------------------------------------------------+
| Argument | Direction | Datatype                                        |
+----------+-----------+-------------------------------------------------+
| X_test   | in        | ap_fixed<28, 8, (ap_q_mode)5, (ap_o_mode)3, 0>* |
| X_train  | in        | ap_fixed<28, 8, (ap_q_mode)5, (ap_o_mode)3, 0>* |
| y_train  | in        | ap_uint<4>*                                     |
| y_test   | out       | ap_uint<4>*                                     |
+----------+-----------+-------------------------------------------------+

* SW-to-HW Mapping
+----------+--------------------+-----------+----------+-------------------------------------+
| Argument | HW Interface       | HW Type   | HW Usage | HW Info                             |
+----------+--------------------+-----------+----------+-------------------------------------+
| X_test   | m_axi_gmem_x_test  | interface |          | channel=0                           |
| X_test   | s_axi_control_r    | register  | offset   | name=X_test_1 offset=0x10 range=32  |
| X_test   | s_axi_control_r    | register  | offset   | name=X_test_2 offset=0x14 range=32  |
| X_train  | m_axi_gmem_x_train | interface |          | channel=0                           |
| X_train  | s_axi_control_r    | register  | offset   | name=X_train_1 offset=0x1c range=32 |
| X_train  | s_axi_control_r    | register  | offset   | name=X_train_2 offset=0x20 range=32 |
| y_train  | m_axi_gmem_y_train | interface |          | channel=0                           |
| y_train  | s_axi_control_r    | register  | offset   | name=y_train_1 offset=0x28 range=32 |
| y_train  | s_axi_control_r    | register  | offset   | name=y_train_2 offset=0x2c range=32 |
| y_test   | m_axi_gmem_y_test  | interface |          | channel=0                           |
| y_test   | s_axi_control_r    | register  | offset   | name=y_test_1 offset=0x34 range=32  |
| y_test   | s_axi_control_r    | register  | offset   | name=y_test_2 offset=0x38 range=32  |
+----------+--------------------+-----------+----------+-------------------------------------+


================================================================
== M_AXI Burst Information
================================================================
 Note: All burst requests might be further partitioned into multiple requests during RTL generation based on max_read_burst_length or max_write_burst_length settings.

* Inferred Burst Summary
+--------------------+-----------+--------+-------+--------------+-----------------------+
| HW Interface       | Direction | Length | Width | Loop         | Loop Location         |
+--------------------+-----------+--------+-------+--------------+-----------------------+
| m_axi_gmem_x_test  | read      | 49     | 32    | feature_loop | ../src/knn.cpp:52:23  |
| m_axi_gmem_x_train | read      | 490    | 32    | train_loop   | ../src/knn.cpp:41:17  |
| m_axi_gmem_y_test  | write     | 10     | 8     | test_data    | ../src/knn.cpp:160:16 |
| m_axi_gmem_y_train | read      | 10     | 8     | train_loop   | ../src/knn.cpp:41:17  |
+--------------------+-----------+--------+-------+--------------+-----------------------+

* All M_AXI Variable Accesses
+--------------------+------------+-----------------------+-----------+--------------+--------+--------------+-----------------------+------------+-------------------------------------------------------------------------------------------------------+
| HW Interface       | Variable   | Access Location       | Direction | Burst Status | Length | Loop         | Loop Location         | Resolution | Problem                                                                                               |
+--------------------+------------+-----------------------+-----------+--------------+--------+--------------+-----------------------+------------+-------------------------------------------------------------------------------------------------------+
| m_axi_gmem_x_test  | test_point | ../src/knn.cpp:54:42  | read      | Widen Fail   |        | feature_loop | ../src/knn.cpp:52:23  | 214-353    | Could not widen since type i32 size is greater than or equal to the max_widen_bitwidth threshold of 0 |
| m_axi_gmem_x_test  | test_point | ../src/knn.cpp:54:42  | read      | Fail         |        | train_loop   | ../src/knn.cpp:41:17  | 214-229    | Could not analyze pattern                                                                             |
| m_axi_gmem_x_test  | test_point | ../src/knn.cpp:54:42  | read      | Inferred     | 49     | feature_loop | ../src/knn.cpp:52:23  |            |                                                                                                       |
| m_axi_gmem_x_train | X_train    | ../src/knn.cpp:54:42  | read      | Widen Fail   |        | feature_loop | ../src/knn.cpp:52:23  | 214-353    | Could not widen since type i32 size is greater than or equal to the max_widen_bitwidth threshold of 0 |
| m_axi_gmem_x_train | X_train    | ../src/knn.cpp:54:42  | read      | Inferred     | 490    | train_loop   | ../src/knn.cpp:41:17  |            |                                                                                                       |
| m_axi_gmem_y_test  | y_test     | ../src/knn.cpp:166:19 | write     | Widen Fail   |        | test_data    | ../src/knn.cpp:160:16 | 214-353    | Could not widen since type i8 size is greater than or equal to the max_widen_bitwidth threshold of 0  |
| m_axi_gmem_y_test  | y_test     | ../src/knn.cpp:166:19 | write     | Inferred     | 10     | test_data    | ../src/knn.cpp:160:16 |            |                                                                                                       |
| m_axi_gmem_y_train | y_train    | ../src/knn.cpp:58:19  | read      | Widen Fail   |        | train_loop   | ../src/knn.cpp:41:17  | 214-353    | Could not widen since type i8 size is greater than or equal to the max_widen_bitwidth threshold of 0  |
| m_axi_gmem_y_train | y_train    | ../src/knn.cpp:58:19  | read      | Inferred     | 10     | train_loop   | ../src/knn.cpp:41:17  |            |                                                                                                       |
+--------------------+------------+-----------------------+-----------+--------------+--------+--------------+-----------------------+------------+-------------------------------------------------------------------------------------------------------+

    * Resolution URL: docs.amd.com/access/sources/dita/topic?Doc_Version=2025.2%20English&url=ug1448-hls-guidance&resourceid=XXX-YYY.html (replace XXX-YYY with column value)

================================================================
== Bind Op Report
================================================================
+-----------------------------------------------+-----+--------+--------------+-----------+------------------------+---------+
| Name                                          | DSP | Pragma | Variable     | Op        | Impl                   | Latency |
+-----------------------------------------------+-----+--------+--------------+-----------+------------------------+---------+
| + knn_accelerator                             | 4   |        |              |           |                        |         |
|   icmp_ln160_fu_218_p2                        |     |        | icmp_ln160   | seteq     | auto                   | 0       |
|   add_ln160_fu_224_p2                         |     |        | add_ln160    | add       | fabric                 | 0       |
|   add_ln163_fu_239_p2                         |     |        | add_ln163    | add       | fabric                 | 0       |
|  + knn_distance_and_sort                      | 4   |        |              |           |                        |         |
|    add_ln41_fu_258_p2                         |     |        | add_ln41     | add       | fabric                 | 0       |
|    icmp_ln82_fu_278_p2                        |     |        | icmp_ln82    | seteq     | auto                   | 0       |
|    add_ln82_fu_284_p2                         |     |        | add_ln82     | add       | fabric                 | 0       |
|   + knn_distance_and_sort_Outline_init_top_k  | 0   |        |              |           |                        |         |
|     icmp_ln28_fu_70_p2                        |     |        | icmp_ln28    | seteq     | auto                   | 0       |
|     add_ln28_fu_76_p2                         |     |        | add_ln28     | add       | fabric                 | 0       |
|   + knn_distance_and_sort_Outline_train_loop  | 4   |        |              |           |                        |         |
|     icmp_ln41_fu_208_p2                       |     |        | icmp_ln41    | seteq     | auto                   | 0       |
|     add_ln41_fu_214_p2                        |     |        | add_ln41     | add       | fabric                 | 0       |
|     icmp_ln52_fu_238_p2                       |     |        | icmp_ln52    | seteq     | auto                   | 0       |
|     add_ln52_fu_244_p2                        |     |        | add_ln52     | add       | fabric                 | 0       |
|     diff_fu_266_p2                            |     |        | diff         | sub       | fabric                 | 0       |
|     mul_28s_28s_56_3_1_U4                     | 4   |        | mul_ln55     | mul       | auto                   | 2       |
|     add_ln55_fu_286_p2                        |     |        | add_ln55     | add       | fabric                 | 0       |
|   + knn_distance_and_sort_Outline_sort_loop_i | 0   |        |              |           |                        |         |
|     icmp_ln67_fu_122_p2                       |     |        | icmp_ln67    | seteq     | auto                   | 0       |
|     i_8_fu_128_p2                             |     |        | i_8          | add       | fabric                 | 0       |
|     icmp_ln69_fu_137_p2                       |     |        | icmp_ln69    | seteq     | auto                   | 0       |
|     add_ln71_fu_143_p2                        |     |        | add_ln71     | add       | fabric                 | 0       |
|     icmp_ln71_fu_174_p2                       |     |        | icmp_ln71    | setgt     | auto                   | 0       |
|     add_ln67_fu_159_p2                        |     |        | add_ln67     | add       | fabric                 | 0       |
|  + knn_majority_vote                          | 0   |        |              |           |                        |         |
|    icmp_ln101_fu_156_p2                       |     |        | icmp_ln101   | seteq     | auto                   | 0       |
|    add_ln101_fu_162_p2                        |     |        | add_ln101    | add       | fabric                 | 0       |
|    icmp_ln113_fu_186_p2                       |     |        | icmp_ln113   | seteq     | auto                   | 0       |
|    add_ln113_fu_192_p2                        |     |        | add_ln113    | add       | fabric                 | 0       |
|    sparsemux_7_2_4_1_1_U28                    |     |        | tmp          | sparsemux | onehotencoding_realdef | 0       |
|    add_ln116_fu_235_p2                        |     |        | add_ln116    | add       | fabric                 | 0       |
|    icmp_ln127_fu_245_p2                       |     |        | icmp_ln127   | seteq     | auto                   | 0       |
|    i_7_fu_251_p2                              |     |        | i_7          | add       | fabric                 | 0       |
|    icmp_ln129_fu_277_p2                       |     |        | icmp_ln129   | setgt     | auto                   | 0       |
|    or_ln129_fu_283_p2                         |     |        | or_ln129     | or        | auto                   | 0       |
|    select_ln129_fu_289_p3                     |     |        | select_ln129 | select    | auto_sel               | 0       |
|    max_2_fu_296_p3                            |     |        | max_2        | select    | auto_sel               | 0       |
|    select_ln137_fu_267_p3                     |     |        | select_ln137 | select    | auto_sel               | 0       |
+-----------------------------------------------+-----+--------+--------------+-----------+------------------------+---------+


================================================================
== Storage Report
================================================================
+--------------------------+---------------+-----------+------+------+--------+-----------+------+---------+------------------+
| Name                     | Usage         | Type      | BRAM | URAM | Pragma | Variable  | Impl | Latency | Bitwidth, Depth, |
|                          |               |           |      |      |        |           |      |         | Banks            |
+--------------------------+---------------+-----------+------+------+--------+-----------+------+---------+------------------+
| + knn_accelerator        |               |           | 6    | 0    |        |           |      |         |                  |
|   control_s_axi_U        | interface     | s_axilite |      |      |        |           |      |         |                  |
|   control_r_s_axi_U      | interface     | s_axilite |      |      |        |           |      |         |                  |
|   gmem_x_test_m_axi_U    | interface     | m_axi     | 2    |      |        |           |      |         |                  |
|   gmem_x_train_m_axi_U   | interface     | m_axi     | 2    |      |        |           |      |         |                  |
|   gmem_y_test_m_axi_U    | interface     | m_axi     |      |      |        |           |      |         |                  |
|   gmem_y_train_m_axi_U   | interface     | m_axi     | 2    |      |        |           |      |         |                  |
|  + knn_distance_and_sort |               |           | 0    | 0    |        |           |      |         |                  |
|    distances_U           | ram_t2p array |           |      |      |        | distances | auto | 1       | 42, 10, 1        |
|    labels_U              | ram_t2p array |           |      |      |        | labels    | auto | 1       | 4, 10, 1         |
|  + knn_majority_vote     |               |           | 0    | 0    |        |           |      |         |                  |
|    counts_U              | ram_1p array  |           |      |      |        | counts    | auto | 1       | 32, 10, 1        |
+--------------------------+---------------+-----------+------+------+--------+-----------+------+---------+------------------+


================================================================
== Pragma Report
================================================================
* Inferred Pragmas
+-----------------+-------------------------------------------+---------------------------------------------------------------+------------------------------------------+
| Type            | Options                                   | Location                                                      | Inferred From                            |
+-----------------+-------------------------------------------+---------------------------------------------------------------+------------------------------------------+
| ARRAY_PARTITION | dim=1 type=complete variable=top_k_labels | variable top_k_labels in knn_accelerator (../src/knn.cpp:158) | syn.array_partition.complete_threshold=4 |
+-----------------+-------------------------------------------+---------------------------------------------------------------+------------------------------------------+

* Valid Pragma Syntax
+-----------+-----------------------------------------------------------------+----------------------------------------------+
| Type      | Options                                                         | Location                                     |
+-----------+-----------------------------------------------------------------+----------------------------------------------+
| INLINE    | off                                                             | in knn_distance_and_sort (../src/knn.cpp:15) |
| PIPELINE  | OFF                                                             | in knn_distance_and_sort (../src/knn.cpp:29) |
| PIPELINE  | OFF                                                             | in knn_distance_and_sort (../src/knn.cpp:42) |
| PIPELINE  | OFF                                                             | in knn_distance_and_sort (../src/knn.cpp:53) |
| PIPELINE  | OFF                                                             | in knn_distance_and_sort (../src/knn.cpp:68) |
| PIPELINE  | OFF                                                             | in knn_distance_and_sort (../src/knn.cpp:70) |
| PIPELINE  | OFF                                                             | in knn_distance_and_sort (../src/knn.cpp:83) |
| INLINE    | off                                                             | in knn_majority_vote (../src/knn.cpp:93)     |
| PIPELINE  | OFF                                                             | in knn_majority_vote (../src/knn.cpp:102)    |
| PIPELINE  | OFF                                                             | in knn_majority_vote (../src/knn.cpp:114)    |
| PIPELINE  | OFF                                                             | in knn_majority_vote (../src/knn.cpp:128)    |
| INTERFACE | m_axi port=X_train offset=slave bundle=gmem_x_train depth=49*10 | in knn_accelerator (../src/knn.cpp:149)      |
| INTERFACE | m_axi port=y_train offset=slave bundle=gmem_y_train depth=10    | in knn_accelerator (../src/knn.cpp:150)      |
| INTERFACE | m_axi port=X_test offset=slave bundle=gmem_x_test depth=49*10   | in knn_accelerator (../src/knn.cpp:151)      |
| INTERFACE | m_axi port=y_test offset=slave bundle=gmem_y_test depth=10      | in knn_accelerator (../src/knn.cpp:152)      |
| INTERFACE | s_axilite port=return bundle=control                            | in knn_accelerator (../src/knn.cpp:155)      |
| PIPELINE  | OFF                                                             | in knn_accelerator (../src/knn.cpp:161)      |
+-----------+-----------------------------------------------------------------+----------------------------------------------+


