================================================================
== Design Size Report
================================================================

* Total Instructions per Compilation Phase
+---------------+-----------------------------+--------------+----------------------------------------------------------------------------------------+
| Phase         | Step                        | Instructions | Description                                                                            |
+---------------+-----------------------------+--------------+----------------------------------------------------------------------------------------+
| Compile/Link  |                             | 1,343        | After all functions are compiled and linked into a single design                       |
|               |                             |              |                                                                                        |
| Unroll/Inline |                             |              | After user unroll and inline pragmas are applied                                       |
|               | (1) unroll                  |   835        | user unroll pragmas are applied                                                        |
|               | (2) simplification          |   367        | simplification of applied user unroll pragmas                                          |
|               | (3) inline                  |   351        | user inline pragmas are applied                                                        |
|               | (4) simplification          |   344        | simplification of applied user inline pragmas                                          |
|               |                             |              |                                                                                        |
| Array/Struct  |                             |              | After user array partition and struct aggregate/disaggregate pragmas are applied       |
|               | (1) array partition         |   448        | user array partition pragmas are applied                                               |
|               | (2) simplification          |   372        | simplification of applied user array partition & struct aggregate/disaggregate pragmas |
|               | (3) aggregate/disaggregate  |   372        | user struct aggregate/disaggregate pragmas are applied                                 |
|               | (4) array reshape           |   372        | apply array reshape pragmas                                                            |
|               | (5) access patterns         |   382        | array access pattern optmizations                                                      |
|               |                             |              |                                                                                        |
| Performance   |                             |              | After transformations are applied to meet performance pragma targets                   |
|               | (1) loop simplification     |   382        | loop and instruction simplification                                                    |
|               | (2) parallelization         |   379        | loops are unrolled or pipelined to meet performance targets                            |
|               | (3) array partition         |   397        | arrays are partitioned to meet performance targets                                     |
|               | (4) simplification          |   386        | simplification of design after performance transformations                             |
|               |                             |              |                                                                                        |
| HW Transforms |                             |              | After hardware transfomations                                                          |
|               | (1) lowering                |   422        | initial conversion to HW specific instructions                                         |
|               | (2) optimizations           |   444        | high level synthesis optimizations                                                     |
+---------------+-----------------------------+--------------+----------------------------------------------------------------------------------------+

* Instructions per Function for each Compilation Phase
+--------------------------+-------------+--------------+---------------+--------------+-------------+---------------+
| Function                 | Location    | Compile/Link | Unroll/Inline | Array/Struct | Performance | HW Transforms |
+--------------------------+-------------+--------------+---------------+--------------+-------------+---------------+
| + knn_accelerator        | knn.cpp:154 | 1,343        | 344           | 382          | 386         | 444           |
|    knn_distance_and_sort | knn.cpp:9   | 1,217        | 209           | 231          | 235         | 286           |
|    knn_majority_vote     | knn.cpp:96  |   89         | 105           | 116          | 113         | 114           |
+--------------------------+-------------+--------------+---------------+--------------+-------------+---------------+

* Design Size Message Settings
+---------------------------------------------+--------+------------------------------------------------------------------+
| Message Setting                             | Value  | Description                                                      |
+---------------------------------------------+--------+------------------------------------------------------------------+
| config_compile -design_size_maximum_warning | 100000 | Show a warning when total design instructions exceeds this value |
+---------------------------------------------+--------+------------------------------------------------------------------+


