================================================================
== Design Size Report
================================================================

* Total Instructions per Compilation Phase
+---------------+----------------------------+--------------+----------------------------------------------------------------------------------------+
| Phase         | Step                       | Instructions | Description                                                                            |
+---------------+----------------------------+--------------+----------------------------------------------------------------------------------------+
| Compile/Link  |                            | 1,344        | After all functions are compiled and linked into a single design                       |
|               |                            |              |                                                                                        |
| Unroll/Inline |                            |              | After user unroll and inline pragmas are applied                                       |
|               | (1) unroll                 | 3,914        | user unroll pragmas are applied                                                        |
|               | (2) simplification         | 1,164        | simplification of applied user unroll pragmas                                          |
|               | (3) inline                 | 1,113        | user inline pragmas are applied                                                        |
|               | (4) simplification         | 1,102        | simplification of applied user inline pragmas                                          |
|               |                            |              |                                                                                        |
| Array/Struct  |                            |              | After user array partition and struct aggregate/disaggregate pragmas are applied       |
|               | (1) array partition        | 1,621        | user array partition pragmas are applied                                               |
|               | (2) simplification         | 1,197        | simplification of applied user array partition & struct aggregate/disaggregate pragmas |
|               | (3) aggregate/disaggregate | 1,197        | user struct aggregate/disaggregate pragmas are applied                                 |
|               | (4) array reshape          | 1,197        | apply array reshape pragmas                                                            |
|               | (5) access patterns        | 1,211        | array access pattern optmizations                                                      |
|               |                            |              |                                                                                        |
| Performance   |                            |              | After transformations are applied to meet performance pragma targets                   |
|               | (1) loop simplification    | 1,211        | loop and instruction simplification                                                    |
|               | (2) parallelization        | 1,204        | loops are unrolled or pipelined to meet performance targets                            |
|               | (3) array partition        | 1,203        | arrays are partitioned to meet performance targets                                     |
|               | (4) simplification         | 1,203        | simplification of design after performance transformations                             |
|               |                            |              |                                                                                        |
| HW Transforms |                            |              | After hardware transfomations                                                          |
|               | (1) lowering               | 1,358        | initial conversion to HW specific instructions                                         |
|               | (2) optimizations          | 1,351        | high level synthesis optimizations                                                     |
+---------------+----------------------------+--------------+----------------------------------------------------------------------------------------+

* Instructions per Function for each Compilation Phase
+--------------------------+-------------+--------------+---------------+--------------+-------------+---------------+
| Function                 | Location    | Compile/Link | Unroll/Inline | Array/Struct | Performance | HW Transforms |
+--------------------------+-------------+--------------+---------------+--------------+-------------+---------------+
| + knn_accelerator        | knn.cpp:148 | 1,344        | 1,102         | 1,211        | 1,203       | 1,351         |
|    knn_distance_and_sort | knn.cpp:9   | 1,213        |               |              |             |               |
|    knn_majority_vote     | knn.cpp:93  |   94         |               |              |             |               |
+--------------------------+-------------+--------------+---------------+--------------+-------------+---------------+

* Design Size Message Settings
+---------------------------------------------+--------+------------------------------------------------------------------+
| Message Setting                             | Value  | Description                                                      |
+---------------------------------------------+--------+------------------------------------------------------------------+
| config_compile -design_size_maximum_warning | 100000 | Show a warning when total design instructions exceeds this value |
+---------------------------------------------+--------+------------------------------------------------------------------+


