

================================================================
== Vitis HLS Report for 'knn_distance_and_sort_Pipeline_train_loop'
================================================================
* Date:           Tue Mar 17 19:32:49 2026

* Version:        2025.1 (Build 6135595 on May 21 2025)
* Project:        knn_accelerator
* Solution:       hls (Vivado IP Flow Target)
* Product family: zynq
* Target device:  xc7z020-clg400-1


================================================================
== Performance Estimates
================================================================
+ Timing: 
    * Summary: 
    +--------+----------+----------+------------+
    |  Clock |  Target  | Estimated| Uncertainty|
    +--------+----------+----------+------------+
    |ap_clk  |  10.00 ns|  8.536 ns|     2.70 ns|
    +--------+----------+----------+------------+

+ Latency: 
    * Summary: 
    +---------+---------+----------+----------+-----+-----+------------------------------------------------+
    |  Latency (cycles) |  Latency (absolute) |  Interval |                    Pipeline                    |
    |   min   |   max   |    min   |    max   | min | max |                      Type                      |
    +---------+---------+----------+----------+-----+-----+------------------------------------------------+
    |      873|      873|  8.730 us|  8.730 us|  539|  539|  loop auto-rewind stp (delay=0 clock cycles(s))|
    +---------+---------+----------+----------+-----+-----+------------------------------------------------+

    + Detail: 
        * Instance: 
        N/A

        * Loop: 
        +--------------+---------+---------+----------+-----------+-----------+------+----------+
        |              |  Latency (cycles) | Iteration|  Initiation Interval  | Trip |          |
        |   Loop Name  |   min   |   max   |  Latency |  achieved |   target  | Count| Pipelined|
        +--------------+---------+---------+----------+-----------+-----------+------+----------+
        |- train_loop  |      871|      871|       431|         49|          1|    10|       yes|
        +--------------+---------+---------+----------+-----------+-----------+------+----------+



================================================================
== Utilization Estimates
================================================================
* Summary: 
+-----------------+---------+-----+--------+-------+-----+
|       Name      | BRAM_18K| DSP |   FF   |  LUT  | URAM|
+-----------------+---------+-----+--------+-------+-----+
|DSP              |        -|    -|       -|      -|    -|
|Expression       |        -|    -|       0|    138|    -|
|FIFO             |        -|    -|       -|      -|    -|
|Instance         |        -|   17|    1602|   2868|    -|
|Memory           |        -|    -|       -|      -|    -|
|Multiplexer      |        -|    -|       0|   1232|    -|
|Register         |        -|    -|    8147|   1120|    -|
+-----------------+---------+-----+--------+-------+-----+
|Total            |        0|   17|    9749|   5358|    0|
+-----------------+---------+-----+--------+-------+-----+
|Available        |      280|  220|  106400|  53200|    0|
+-----------------+---------+-----+--------+-------+-----+
|Utilization (%)  |        0|    7|       9|     10|    0|
+-----------------+---------+-----+--------+-------+-----+

+ Detail: 
    * Instance: 
    +---------------------------------------+------------------------------------+---------+----+-----+------+-----+
    |                Instance               |               Module               | BRAM_18K| DSP|  FF |  LUT | URAM|
    +---------------------------------------+------------------------------------+---------+----+-----+------+-----+
    |dadddsub_64ns_64ns_64_7_full_dsp_1_U4  |dadddsub_64ns_64ns_64_7_full_dsp_1  |        0|   3|  630|  1141|    0|
    |dadddsub_64ns_64ns_64_7_full_dsp_1_U5  |dadddsub_64ns_64ns_64_7_full_dsp_1  |        0|   3|  630|  1141|    0|
    |dmul_64ns_64ns_64_7_max_dsp_1_U6       |dmul_64ns_64ns_64_7_max_dsp_1       |        0|  11|  342|   586|    0|
    |dsqrt_64ns_64ns_64_57_no_dsp_1_U7      |dsqrt_64ns_64ns_64_57_no_dsp_1      |        0|   0|    0|     0|    0|
    +---------------------------------------+------------------------------------+---------+----+-----+------+-----+
    |Total                                  |                                    |        0|  17| 1602|  2868|    0|
    +---------------------------------------+------------------------------------+---------+----+-----+------+-----+

    * DSP: 
    N/A

    * Memory: 
    N/A

    * FIFO: 
    N/A

    * Expression: 
    +-----------------------------------+----------+----+---+----+------------+------------+
    |           Variable Name           | Operation| DSP| FF| LUT| Bitwidth P0| Bitwidth P1|
    +-----------------------------------+----------+----+---+----+------------+------------+
    |add_ln40_fu_337_p2                 |         +|   0|  0|  13|           4|           1|
    |ap_block_pp0_stage0_00001          |       and|   0|  0|   2|           1|           1|
    |ap_block_pp0_stage10_00001         |       and|   0|  0|   2|           1|           1|
    |ap_block_pp0_stage11_00001         |       and|   0|  0|   2|           1|           1|
    |ap_block_pp0_stage12_00001         |       and|   0|  0|   2|           1|           1|
    |ap_block_pp0_stage13_00001         |       and|   0|  0|   2|           1|           1|
    |ap_block_pp0_stage14_00001         |       and|   0|  0|   2|           1|           1|
    |ap_block_pp0_stage15_00001         |       and|   0|  0|   2|           1|           1|
    |ap_block_pp0_stage16_00001         |       and|   0|  0|   2|           1|           1|
    |ap_block_pp0_stage17_00001         |       and|   0|  0|   2|           1|           1|
    |ap_block_pp0_stage18_00001         |       and|   0|  0|   2|           1|           1|
    |ap_block_pp0_stage19_00001         |       and|   0|  0|   2|           1|           1|
    |ap_block_pp0_stage20_00001         |       and|   0|  0|   2|           1|           1|
    |ap_block_pp0_stage21_00001         |       and|   0|  0|   2|           1|           1|
    |ap_block_pp0_stage22_00001         |       and|   0|  0|   2|           1|           1|
    |ap_block_pp0_stage23_00001         |       and|   0|  0|   2|           1|           1|
    |ap_block_pp0_stage24_00001         |       and|   0|  0|   2|           1|           1|
    |ap_block_pp0_stage25_00001         |       and|   0|  0|   2|           1|           1|
    |ap_block_pp0_stage26_00001         |       and|   0|  0|   2|           1|           1|
    |ap_block_pp0_stage27_00001         |       and|   0|  0|   2|           1|           1|
    |ap_block_pp0_stage28_00001         |       and|   0|  0|   2|           1|           1|
    |ap_block_pp0_stage29_00001         |       and|   0|  0|   2|           1|           1|
    |ap_block_pp0_stage30_00001         |       and|   0|  0|   2|           1|           1|
    |ap_block_pp0_stage31_00001         |       and|   0|  0|   2|           1|           1|
    |ap_block_pp0_stage32_00001         |       and|   0|  0|   2|           1|           1|
    |ap_block_pp0_stage33_00001         |       and|   0|  0|   2|           1|           1|
    |ap_block_pp0_stage34_00001         |       and|   0|  0|   2|           1|           1|
    |ap_block_pp0_stage35_00001         |       and|   0|  0|   2|           1|           1|
    |ap_block_pp0_stage36_00001         |       and|   0|  0|   2|           1|           1|
    |ap_block_pp0_stage37_00001         |       and|   0|  0|   2|           1|           1|
    |ap_block_pp0_stage38_00001         |       and|   0|  0|   2|           1|           1|
    |ap_block_pp0_stage39_00001         |       and|   0|  0|   2|           1|           1|
    |ap_block_pp0_stage40_00001         |       and|   0|  0|   2|           1|           1|
    |ap_block_pp0_stage41_00001         |       and|   0|  0|   2|           1|           1|
    |ap_block_pp0_stage42_00001         |       and|   0|  0|   2|           1|           1|
    |ap_block_pp0_stage43_00001         |       and|   0|  0|   2|           1|           1|
    |ap_block_pp0_stage44_00001         |       and|   0|  0|   2|           1|           1|
    |ap_block_pp0_stage45_00001         |       and|   0|  0|   2|           1|           1|
    |ap_block_pp0_stage46_00001         |       and|   0|  0|   2|           1|           1|
    |ap_block_pp0_stage47_00001         |       and|   0|  0|   2|           1|           1|
    |ap_block_pp0_stage48_00001         |       and|   0|  0|   2|           1|           1|
    |ap_block_pp0_stage9_00001          |       and|   0|  0|   2|           1|           1|
    |ap_block_state2_io                 |       and|   0|  0|   2|           1|           1|
    |ap_block_state3_pp0_stage2_iter0   |       and|   0|  0|   2|           1|           1|
    |icmp_ln40_fu_331_p2                |      icmp|   0|  0|  13|           4|           4|
    |ap_block_pp0_stage1_00001          |        or|   0|  0|   2|           1|           1|
    |ap_block_pp0_stage1_11001          |        or|   0|  0|   2|           1|           1|
    |ap_block_pp0_stage2_00001          |        or|   0|  0|   2|           1|           1|
    |ap_block_pp0_stage3_00001          |        or|   0|  0|   2|           1|           1|
    |ap_block_pp0_stage4_00001          |        or|   0|  0|   2|           1|           1|
    |ap_block_pp0_stage5_00001          |        or|   0|  0|   2|           1|           1|
    |ap_block_pp0_stage6_00001          |        or|   0|  0|   2|           1|           1|
    |ap_block_pp0_stage7_00001          |        or|   0|  0|   2|           1|           1|
    |ap_block_pp0_stage8_00001          |        or|   0|  0|   2|           1|           1|
    |ap_block_state10_pp0_stage9_iter0  |        or|   0|  0|   2|           1|           1|
    |ap_block_state2_pp0_stage1_iter0   |        or|   0|  0|   2|           1|           1|
    |ap_block_state50_pp0_stage0_iter1  |        or|   0|  0|   2|           1|           1|
    |ap_enable_pp0                      |       xor|   0|  0|   2|           1|           2|
    +-----------------------------------+----------+----+---+----+------------+------------+
    |Total                              |          |   0|  0| 138|          64|          62|
    +-----------------------------------+----------+----+---+----+------------+------------+

    * Multiplexer: 
    +----------------------------------+-----+-----------+-----+-----------+
    |               Name               | LUT | Input Size| Bits| Total Bits|
    +----------------------------------+-----+-----------+-----+-----------+
    |ap_NS_fsm                         |  217|         50|    1|         50|
    |ap_done_int                       |    9|          2|    1|          2|
    |ap_enable_reg_pp0_iter0           |    9|          2|    1|          2|
    |ap_enable_reg_pp0_iter1           |    9|          2|    1|          2|
    |ap_enable_reg_pp0_iter8           |    9|          2|    1|          2|
    |ap_loop_exit_ready_pp0_iter1_reg  |    9|          2|    1|          2|
    |ap_loop_exit_ready_pp0_iter2_reg  |    9|          2|    1|          2|
    |ap_loop_exit_ready_pp0_iter3_reg  |    9|          2|    1|          2|
    |ap_loop_exit_ready_pp0_iter4_reg  |    9|          2|    1|          2|
    |ap_loop_exit_ready_pp0_iter5_reg  |    9|          2|    1|          2|
    |ap_loop_exit_ready_pp0_iter6_reg  |    9|          2|    1|          2|
    |ap_loop_exit_ready_pp0_iter7_reg  |    9|          2|    1|          2|
    |ap_sig_allocacmp_i_3              |    9|          2|    4|          8|
    |gmem_x_test_blk_n_AR              |    9|          2|    1|          2|
    |gmem_x_test_blk_n_R               |    9|          2|    1|          2|
    |gmem_x_train_blk_n_R              |    9|          2|    1|          2|
    |gmem_y_train_blk_n_R              |    9|          2|    1|          2|
    |grp_fu_146_opcode                 |   14|          3|    2|          6|
    |grp_fu_146_p0                     |  205|         47|   64|       3008|
    |grp_fu_146_p1                     |  217|         50|   64|       3200|
    |grp_fu_151_opcode                 |   14|          3|    2|          6|
    |grp_fu_151_p0                     |   65|         16|   64|       1024|
    |grp_fu_151_p1                     |  217|         50|   64|       3200|
    |grp_fu_155_p0                     |   65|         12|   64|        768|
    |grp_fu_155_p1                     |   65|         12|   64|        768|
    |i_fu_76                           |    9|          2|    4|          8|
    +----------------------------------+-----+-----------+-----+-----------+
    |Total                             | 1232|        277|  412|      12076|
    +----------------------------------+-----+-----------+-----+-----------+

    * Register: 
    +------------------------------------+----+----+-----+-----------+
    |                Name                | FF | LUT| Bits| Const Bits|
    +------------------------------------+----+----+-----+-----------+
    |ap_CS_fsm                           |  49|   0|   49|          0|
    |ap_done_reg                         |   1|   0|    1|          0|
    |ap_enable_reg_pp0_iter0_reg         |   1|   0|    1|          0|
    |ap_enable_reg_pp0_iter1             |   1|   0|    1|          0|
    |ap_enable_reg_pp0_iter2             |   1|   0|    1|          0|
    |ap_enable_reg_pp0_iter3             |   1|   0|    1|          0|
    |ap_enable_reg_pp0_iter4             |   1|   0|    1|          0|
    |ap_enable_reg_pp0_iter5             |   1|   0|    1|          0|
    |ap_enable_reg_pp0_iter6             |   1|   0|    1|          0|
    |ap_enable_reg_pp0_iter7             |   1|   0|    1|          0|
    |ap_enable_reg_pp0_iter8             |   1|   0|    1|          0|
    |ap_loop_exit_ready_pp0_iter1_reg    |   1|   0|    1|          0|
    |ap_loop_exit_ready_pp0_iter2_reg    |   1|   0|    1|          0|
    |ap_loop_exit_ready_pp0_iter3_reg    |   1|   0|    1|          0|
    |ap_loop_exit_ready_pp0_iter4_reg    |   1|   0|    1|          0|
    |ap_loop_exit_ready_pp0_iter5_reg    |   1|   0|    1|          0|
    |ap_loop_exit_ready_pp0_iter6_reg    |   1|   0|    1|          0|
    |ap_loop_exit_ready_pp0_iter7_reg    |   1|   0|    1|          0|
    |diff_48_reg_1619                    |  64|   0|   64|          0|
    |gmem_x_train_addr_read_47_reg_1429  |  64|   0|   64|          0|
    |gmem_x_train_addr_read_48_reg_1449  |  64|   0|   64|          0|
    |i_3_reg_884                         |   4|   0|    4|          0|
    |i_fu_76                             |   4|   0|    4|          0|
    |icmp_ln40_reg_889                   |   1|   0|    1|          0|
    |mul16_10_reg_1209                   |  64|   0|   64|          0|
    |mul16_10_reg_1209_pp0_iter1_reg     |  64|   0|   64|          0|
    |mul16_11_reg_1224                   |  64|   0|   64|          0|
    |mul16_11_reg_1224_pp0_iter1_reg     |  64|   0|   64|          0|
    |mul16_12_reg_1239                   |  64|   0|   64|          0|
    |mul16_12_reg_1239_pp0_iter1_reg     |  64|   0|   64|          0|
    |mul16_13_reg_1264                   |  64|   0|   64|          0|
    |mul16_13_reg_1264_pp0_iter1_reg     |  64|   0|   64|          0|
    |mul16_14_reg_1269                   |  64|   0|   64|          0|
    |mul16_14_reg_1269_pp0_iter1_reg     |  64|   0|   64|          0|
    |mul16_15_reg_1294                   |  64|   0|   64|          0|
    |mul16_16_reg_1309                   |  64|   0|   64|          0|
    |mul16_17_reg_1324                   |  64|   0|   64|          0|
    |mul16_18_reg_1339                   |  64|   0|   64|          0|
    |mul16_19_reg_1354                   |  64|   0|   64|          0|
    |mul16_1_reg_1059                    |  64|   0|   64|          0|
    |mul16_20_reg_1369                   |  64|   0|   64|          0|
    |mul16_21_reg_1374                   |  64|   0|   64|          0|
    |mul16_22_reg_1399                   |  64|   0|   64|          0|
    |mul16_23_reg_1414                   |  64|   0|   64|          0|
    |mul16_24_reg_1434                   |  64|   0|   64|          0|
    |mul16_25_reg_1454                   |  64|   0|   64|          0|
    |mul16_26_reg_1469                   |  64|   0|   64|          0|
    |mul16_27_reg_1484                   |  64|   0|   64|          0|
    |mul16_28_reg_1489                   |  64|   0|   64|          0|
    |mul16_29_reg_1514                   |  64|   0|   64|          0|
    |mul16_2_reg_1064                    |  64|   0|   64|          0|
    |mul16_30_reg_1529                   |  64|   0|   64|          0|
    |mul16_31_reg_1544                   |  64|   0|   64|          0|
    |mul16_32_reg_1559                   |  64|   0|   64|          0|
    |mul16_33_reg_1574                   |  64|   0|   64|          0|
    |mul16_34_reg_1589                   |  64|   0|   64|          0|
    |mul16_35_reg_1594                   |  64|   0|   64|          0|
    |mul16_36_reg_1599                   |  64|   0|   64|          0|
    |mul16_37_reg_1604                   |  64|   0|   64|          0|
    |mul16_38_reg_1609                   |  64|   0|   64|          0|
    |mul16_39_reg_1614                   |  64|   0|   64|          0|
    |mul16_3_reg_1089                    |  64|   0|   64|          0|
    |mul16_40_reg_1625                   |  64|   0|   64|          0|
    |mul16_41_reg_1630                   |  64|   0|   64|          0|
    |mul16_42_reg_1635                   |  64|   0|   64|          0|
    |mul16_43_reg_1640                   |  64|   0|   64|          0|
    |mul16_44_reg_1645                   |  64|   0|   64|          0|
    |mul16_45_reg_1650                   |  64|   0|   64|          0|
    |mul16_46_reg_1655                   |  64|   0|   64|          0|
    |mul16_47_reg_1660                   |  64|   0|   64|          0|
    |mul16_4_reg_1104                    |  64|   0|   64|          0|
    |mul16_5_reg_1119                    |  64|   0|   64|          0|
    |mul16_6_reg_1134                    |  64|   0|   64|          0|
    |mul16_7_reg_1149                    |  64|   0|   64|          0|
    |mul16_8_reg_1164                    |  64|   0|   64|          0|
    |mul16_9_reg_1169                    |  64|   0|   64|          0|
    |mul16_9_reg_1169_pp0_iter1_reg      |  64|   0|   64|          0|
    |mul16_s_reg_1194                    |  64|   0|   64|          0|
    |mul16_s_reg_1194_pp0_iter1_reg      |  64|   0|   64|          0|
    |mul_reg_1044                        |  64|   0|   64|          0|
    |p_cast_cast_cast_reg_879            |  64|   0|   64|          0|
    |reg_164                             |  64|   0|   64|          0|
    |reg_168                             |  64|   0|   64|          0|
    |reg_172                             |  64|   0|   64|          0|
    |reg_176                             |  64|   0|   64|          0|
    |reg_180                             |  64|   0|   64|          0|
    |reg_184                             |  64|   0|   64|          0|
    |reg_188                             |  64|   0|   64|          0|
    |reg_192                             |  64|   0|   64|          0|
    |reg_196                             |  64|   0|   64|          0|
    |reg_200                             |  64|   0|   64|          0|
    |reg_204                             |  64|   0|   64|          0|
    |reg_212                             |  64|   0|   64|          0|
    |reg_218                             |  64|   0|   64|          0|
    |reg_224                             |  64|   0|   64|          0|
    |reg_230                             |  64|   0|   64|          0|
    |reg_236                             |  64|   0|   64|          0|
    |reg_242                             |  64|   0|   64|          0|
    |reg_248                             |  64|   0|   64|          0|
    |reg_252                             |  64|   0|   64|          0|
    |reg_256                             |  64|   0|   64|          0|
    |reg_263                             |  64|   0|   64|          0|
    |reg_270                             |  64|   0|   64|          0|
    |reg_276                             |  64|   0|   64|          0|
    |reg_281                             |  64|   0|   64|          0|
    |reg_286                             |  64|   0|   64|          0|
    |reg_291                             |  64|   0|   64|          0|
    |reg_296                             |  64|   0|   64|          0|
    |reg_301                             |  64|   0|   64|          0|
    |reg_306                             |  64|   0|   64|          0|
    |sum_48_reg_1665                     |  64|   0|   64|          0|
    |tmp_reg_1670                        |  64|   0|   64|          0|
    |trunc_ln55_reg_904                  |   4|   0|    4|          0|
    |zext_ln40_reg_909                   |   4|   0|   64|         60|
    |icmp_ln40_reg_889                   |  64|  32|    1|          0|
    |mul16_15_reg_1294                   |  64|  32|   64|          0|
    |mul16_16_reg_1309                   |  64|  32|   64|          0|
    |mul16_17_reg_1324                   |  64|  32|   64|          0|
    |mul16_18_reg_1339                   |  64|  32|   64|          0|
    |mul16_19_reg_1354                   |  64|  32|   64|          0|
    |mul16_20_reg_1369                   |  64|  32|   64|          0|
    |mul16_21_reg_1374                   |  64|  32|   64|          0|
    |mul16_22_reg_1399                   |  64|  32|   64|          0|
    |mul16_23_reg_1414                   |  64|  32|   64|          0|
    |mul16_24_reg_1434                   |  64|  32|   64|          0|
    |mul16_25_reg_1454                   |  64|  32|   64|          0|
    |mul16_26_reg_1469                   |  64|  32|   64|          0|
    |mul16_27_reg_1484                   |  64|  32|   64|          0|
    |mul16_28_reg_1489                   |  64|  32|   64|          0|
    |mul16_29_reg_1514                   |  64|  32|   64|          0|
    |mul16_30_reg_1529                   |  64|  32|   64|          0|
    |mul16_31_reg_1544                   |  64|  32|   64|          0|
    |mul16_32_reg_1559                   |  64|  32|   64|          0|
    |mul16_33_reg_1574                   |  64|  32|   64|          0|
    |mul16_34_reg_1589                   |  64|  32|   64|          0|
    |mul16_35_reg_1594                   |  64|  32|   64|          0|
    |mul16_36_reg_1599                   |  64|  32|   64|          0|
    |mul16_37_reg_1604                   |  64|  32|   64|          0|
    |mul16_38_reg_1609                   |  64|  32|   64|          0|
    |mul16_39_reg_1614                   |  64|  32|   64|          0|
    |mul16_40_reg_1625                   |  64|  32|   64|          0|
    |mul16_41_reg_1630                   |  64|  32|   64|          0|
    |mul16_42_reg_1635                   |  64|  32|   64|          0|
    |mul16_43_reg_1640                   |  64|  32|   64|          0|
    |mul16_44_reg_1645                   |  64|  32|   64|          0|
    |mul16_45_reg_1650                   |  64|  32|   64|          0|
    |mul16_46_reg_1655                   |  64|  32|   64|          0|
    |mul16_47_reg_1660                   |  64|  32|   64|          0|
    |zext_ln40_reg_909                   |  64|  32|   64|         60|
    +------------------------------------+----+----+-----+-----------+
    |Total                               |8147|1120| 8144|        120|
    +------------------------------------+----+----+-----+-----------+



================================================================
== Interface
================================================================
* Summary: 
+-------------------------------+-----+-----+------------+-------------------------------------------+--------------+
|           RTL Ports           | Dir | Bits|  Protocol  |               Source Object               |    C Type    |
+-------------------------------+-----+-----+------------+-------------------------------------------+--------------+
|ap_clk                         |   in|    1|  ap_ctrl_hs|  knn_distance_and_sort_Pipeline_train_loop|  return value|
|ap_rst                         |   in|    1|  ap_ctrl_hs|  knn_distance_and_sort_Pipeline_train_loop|  return value|
|ap_start                       |   in|    1|  ap_ctrl_hs|  knn_distance_and_sort_Pipeline_train_loop|  return value|
|ap_done                        |  out|    1|  ap_ctrl_hs|  knn_distance_and_sort_Pipeline_train_loop|  return value|
|ap_idle                        |  out|    1|  ap_ctrl_hs|  knn_distance_and_sort_Pipeline_train_loop|  return value|
|ap_ready                       |  out|    1|  ap_ctrl_hs|  knn_distance_and_sort_Pipeline_train_loop|  return value|
|m_axi_gmem_x_test_0_AWVALID    |  out|    1|       m_axi|                                gmem_x_test|       pointer|
|m_axi_gmem_x_test_0_AWREADY    |   in|    1|       m_axi|                                gmem_x_test|       pointer|
|m_axi_gmem_x_test_0_AWADDR     |  out|   64|       m_axi|                                gmem_x_test|       pointer|
|m_axi_gmem_x_test_0_AWID       |  out|    1|       m_axi|                                gmem_x_test|       pointer|
|m_axi_gmem_x_test_0_AWLEN      |  out|   32|       m_axi|                                gmem_x_test|       pointer|
|m_axi_gmem_x_test_0_AWSIZE     |  out|    3|       m_axi|                                gmem_x_test|       pointer|
|m_axi_gmem_x_test_0_AWBURST    |  out|    2|       m_axi|                                gmem_x_test|       pointer|
|m_axi_gmem_x_test_0_AWLOCK     |  out|    2|       m_axi|                                gmem_x_test|       pointer|
|m_axi_gmem_x_test_0_AWCACHE    |  out|    4|       m_axi|                                gmem_x_test|       pointer|
|m_axi_gmem_x_test_0_AWPROT     |  out|    3|       m_axi|                                gmem_x_test|       pointer|
|m_axi_gmem_x_test_0_AWQOS      |  out|    4|       m_axi|                                gmem_x_test|       pointer|
|m_axi_gmem_x_test_0_AWREGION   |  out|    4|       m_axi|                                gmem_x_test|       pointer|
|m_axi_gmem_x_test_0_AWUSER     |  out|    1|       m_axi|                                gmem_x_test|       pointer|
|m_axi_gmem_x_test_0_WVALID     |  out|    1|       m_axi|                                gmem_x_test|       pointer|
|m_axi_gmem_x_test_0_WREADY     |   in|    1|       m_axi|                                gmem_x_test|       pointer|
|m_axi_gmem_x_test_0_WDATA      |  out|   64|       m_axi|                                gmem_x_test|       pointer|
|m_axi_gmem_x_test_0_WSTRB      |  out|    8|       m_axi|                                gmem_x_test|       pointer|
|m_axi_gmem_x_test_0_WLAST      |  out|    1|       m_axi|                                gmem_x_test|       pointer|
|m_axi_gmem_x_test_0_WID        |  out|    1|       m_axi|                                gmem_x_test|       pointer|
|m_axi_gmem_x_test_0_WUSER      |  out|    1|       m_axi|                                gmem_x_test|       pointer|
|m_axi_gmem_x_test_0_ARVALID    |  out|    1|       m_axi|                                gmem_x_test|       pointer|
|m_axi_gmem_x_test_0_ARREADY    |   in|    1|       m_axi|                                gmem_x_test|       pointer|
|m_axi_gmem_x_test_0_ARADDR     |  out|   64|       m_axi|                                gmem_x_test|       pointer|
|m_axi_gmem_x_test_0_ARID       |  out|    1|       m_axi|                                gmem_x_test|       pointer|
|m_axi_gmem_x_test_0_ARLEN      |  out|   32|       m_axi|                                gmem_x_test|       pointer|
|m_axi_gmem_x_test_0_ARSIZE     |  out|    3|       m_axi|                                gmem_x_test|       pointer|
|m_axi_gmem_x_test_0_ARBURST    |  out|    2|       m_axi|                                gmem_x_test|       pointer|
|m_axi_gmem_x_test_0_ARLOCK     |  out|    2|       m_axi|                                gmem_x_test|       pointer|
|m_axi_gmem_x_test_0_ARCACHE    |  out|    4|       m_axi|                                gmem_x_test|       pointer|
|m_axi_gmem_x_test_0_ARPROT     |  out|    3|       m_axi|                                gmem_x_test|       pointer|
|m_axi_gmem_x_test_0_ARQOS      |  out|    4|       m_axi|                                gmem_x_test|       pointer|
|m_axi_gmem_x_test_0_ARREGION   |  out|    4|       m_axi|                                gmem_x_test|       pointer|
|m_axi_gmem_x_test_0_ARUSER     |  out|    1|       m_axi|                                gmem_x_test|       pointer|
|m_axi_gmem_x_test_0_RVALID     |   in|    1|       m_axi|                                gmem_x_test|       pointer|
|m_axi_gmem_x_test_0_RREADY     |  out|    1|       m_axi|                                gmem_x_test|       pointer|
|m_axi_gmem_x_test_0_RDATA      |   in|   64|       m_axi|                                gmem_x_test|       pointer|
|m_axi_gmem_x_test_0_RLAST      |   in|    1|       m_axi|                                gmem_x_test|       pointer|
|m_axi_gmem_x_test_0_RID        |   in|    1|       m_axi|                                gmem_x_test|       pointer|
|m_axi_gmem_x_test_0_RFIFONUM   |   in|    9|       m_axi|                                gmem_x_test|       pointer|
|m_axi_gmem_x_test_0_RUSER      |   in|    1|       m_axi|                                gmem_x_test|       pointer|
|m_axi_gmem_x_test_0_RRESP      |   in|    2|       m_axi|                                gmem_x_test|       pointer|
|m_axi_gmem_x_test_0_BVALID     |   in|    1|       m_axi|                                gmem_x_test|       pointer|
|m_axi_gmem_x_test_0_BREADY     |  out|    1|       m_axi|                                gmem_x_test|       pointer|
|m_axi_gmem_x_test_0_BRESP      |   in|    2|       m_axi|                                gmem_x_test|       pointer|
|m_axi_gmem_x_test_0_BID        |   in|    1|       m_axi|                                gmem_x_test|       pointer|
|m_axi_gmem_x_test_0_BUSER      |   in|    1|       m_axi|                                gmem_x_test|       pointer|
|m_axi_gmem_x_train_0_AWVALID   |  out|    1|       m_axi|                               gmem_x_train|       pointer|
|m_axi_gmem_x_train_0_AWREADY   |   in|    1|       m_axi|                               gmem_x_train|       pointer|
|m_axi_gmem_x_train_0_AWADDR    |  out|   64|       m_axi|                               gmem_x_train|       pointer|
|m_axi_gmem_x_train_0_AWID      |  out|    1|       m_axi|                               gmem_x_train|       pointer|
|m_axi_gmem_x_train_0_AWLEN     |  out|   32|       m_axi|                               gmem_x_train|       pointer|
|m_axi_gmem_x_train_0_AWSIZE    |  out|    3|       m_axi|                               gmem_x_train|       pointer|
|m_axi_gmem_x_train_0_AWBURST   |  out|    2|       m_axi|                               gmem_x_train|       pointer|
|m_axi_gmem_x_train_0_AWLOCK    |  out|    2|       m_axi|                               gmem_x_train|       pointer|
|m_axi_gmem_x_train_0_AWCACHE   |  out|    4|       m_axi|                               gmem_x_train|       pointer|
|m_axi_gmem_x_train_0_AWPROT    |  out|    3|       m_axi|                               gmem_x_train|       pointer|
|m_axi_gmem_x_train_0_AWQOS     |  out|    4|       m_axi|                               gmem_x_train|       pointer|
|m_axi_gmem_x_train_0_AWREGION  |  out|    4|       m_axi|                               gmem_x_train|       pointer|
|m_axi_gmem_x_train_0_AWUSER    |  out|    1|       m_axi|                               gmem_x_train|       pointer|
|m_axi_gmem_x_train_0_WVALID    |  out|    1|       m_axi|                               gmem_x_train|       pointer|
|m_axi_gmem_x_train_0_WREADY    |   in|    1|       m_axi|                               gmem_x_train|       pointer|
|m_axi_gmem_x_train_0_WDATA     |  out|   64|       m_axi|                               gmem_x_train|       pointer|
|m_axi_gmem_x_train_0_WSTRB     |  out|    8|       m_axi|                               gmem_x_train|       pointer|
|m_axi_gmem_x_train_0_WLAST     |  out|    1|       m_axi|                               gmem_x_train|       pointer|
|m_axi_gmem_x_train_0_WID       |  out|    1|       m_axi|                               gmem_x_train|       pointer|
|m_axi_gmem_x_train_0_WUSER     |  out|    1|       m_axi|                               gmem_x_train|       pointer|
|m_axi_gmem_x_train_0_ARVALID   |  out|    1|       m_axi|                               gmem_x_train|       pointer|
|m_axi_gmem_x_train_0_ARREADY   |   in|    1|       m_axi|                               gmem_x_train|       pointer|
|m_axi_gmem_x_train_0_ARADDR    |  out|   64|       m_axi|                               gmem_x_train|       pointer|
|m_axi_gmem_x_train_0_ARID      |  out|    1|       m_axi|                               gmem_x_train|       pointer|
|m_axi_gmem_x_train_0_ARLEN     |  out|   32|       m_axi|                               gmem_x_train|       pointer|
|m_axi_gmem_x_train_0_ARSIZE    |  out|    3|       m_axi|                               gmem_x_train|       pointer|
|m_axi_gmem_x_train_0_ARBURST   |  out|    2|       m_axi|                               gmem_x_train|       pointer|
|m_axi_gmem_x_train_0_ARLOCK    |  out|    2|       m_axi|                               gmem_x_train|       pointer|
|m_axi_gmem_x_train_0_ARCACHE   |  out|    4|       m_axi|                               gmem_x_train|       pointer|
|m_axi_gmem_x_train_0_ARPROT    |  out|    3|       m_axi|                               gmem_x_train|       pointer|
|m_axi_gmem_x_train_0_ARQOS     |  out|    4|       m_axi|                               gmem_x_train|       pointer|
|m_axi_gmem_x_train_0_ARREGION  |  out|    4|       m_axi|                               gmem_x_train|       pointer|
|m_axi_gmem_x_train_0_ARUSER    |  out|    1|       m_axi|                               gmem_x_train|       pointer|
|m_axi_gmem_x_train_0_RVALID    |   in|    1|       m_axi|                               gmem_x_train|       pointer|
|m_axi_gmem_x_train_0_RREADY    |  out|    1|       m_axi|                               gmem_x_train|       pointer|
|m_axi_gmem_x_train_0_RDATA     |   in|   64|       m_axi|                               gmem_x_train|       pointer|
|m_axi_gmem_x_train_0_RLAST     |   in|    1|       m_axi|                               gmem_x_train|       pointer|
|m_axi_gmem_x_train_0_RID       |   in|    1|       m_axi|                               gmem_x_train|       pointer|
|m_axi_gmem_x_train_0_RFIFONUM  |   in|    9|       m_axi|                               gmem_x_train|       pointer|
|m_axi_gmem_x_train_0_RUSER     |   in|    1|       m_axi|                               gmem_x_train|       pointer|
|m_axi_gmem_x_train_0_RRESP     |   in|    2|       m_axi|                               gmem_x_train|       pointer|
|m_axi_gmem_x_train_0_BVALID    |   in|    1|       m_axi|                               gmem_x_train|       pointer|
|m_axi_gmem_x_train_0_BREADY    |  out|    1|       m_axi|                               gmem_x_train|       pointer|
|m_axi_gmem_x_train_0_BRESP     |   in|    2|       m_axi|                               gmem_x_train|       pointer|
|m_axi_gmem_x_train_0_BID       |   in|    1|       m_axi|                               gmem_x_train|       pointer|
|m_axi_gmem_x_train_0_BUSER     |   in|    1|       m_axi|                               gmem_x_train|       pointer|
|m_axi_gmem_y_train_0_AWVALID   |  out|    1|       m_axi|                               gmem_y_train|       pointer|
|m_axi_gmem_y_train_0_AWREADY   |   in|    1|       m_axi|                               gmem_y_train|       pointer|
|m_axi_gmem_y_train_0_AWADDR    |  out|   64|       m_axi|                               gmem_y_train|       pointer|
|m_axi_gmem_y_train_0_AWID      |  out|    1|       m_axi|                               gmem_y_train|       pointer|
|m_axi_gmem_y_train_0_AWLEN     |  out|   32|       m_axi|                               gmem_y_train|       pointer|
|m_axi_gmem_y_train_0_AWSIZE    |  out|    3|       m_axi|                               gmem_y_train|       pointer|
|m_axi_gmem_y_train_0_AWBURST   |  out|    2|       m_axi|                               gmem_y_train|       pointer|
|m_axi_gmem_y_train_0_AWLOCK    |  out|    2|       m_axi|                               gmem_y_train|       pointer|
|m_axi_gmem_y_train_0_AWCACHE   |  out|    4|       m_axi|                               gmem_y_train|       pointer|
|m_axi_gmem_y_train_0_AWPROT    |  out|    3|       m_axi|                               gmem_y_train|       pointer|
|m_axi_gmem_y_train_0_AWQOS     |  out|    4|       m_axi|                               gmem_y_train|       pointer|
|m_axi_gmem_y_train_0_AWREGION  |  out|    4|       m_axi|                               gmem_y_train|       pointer|
|m_axi_gmem_y_train_0_AWUSER    |  out|    1|       m_axi|                               gmem_y_train|       pointer|
|m_axi_gmem_y_train_0_WVALID    |  out|    1|       m_axi|                               gmem_y_train|       pointer|
|m_axi_gmem_y_train_0_WREADY    |   in|    1|       m_axi|                               gmem_y_train|       pointer|
|m_axi_gmem_y_train_0_WDATA     |  out|   32|       m_axi|                               gmem_y_train|       pointer|
|m_axi_gmem_y_train_0_WSTRB     |  out|    4|       m_axi|                               gmem_y_train|       pointer|
|m_axi_gmem_y_train_0_WLAST     |  out|    1|       m_axi|                               gmem_y_train|       pointer|
|m_axi_gmem_y_train_0_WID       |  out|    1|       m_axi|                               gmem_y_train|       pointer|
|m_axi_gmem_y_train_0_WUSER     |  out|    1|       m_axi|                               gmem_y_train|       pointer|
|m_axi_gmem_y_train_0_ARVALID   |  out|    1|       m_axi|                               gmem_y_train|       pointer|
|m_axi_gmem_y_train_0_ARREADY   |   in|    1|       m_axi|                               gmem_y_train|       pointer|
|m_axi_gmem_y_train_0_ARADDR    |  out|   64|       m_axi|                               gmem_y_train|       pointer|
|m_axi_gmem_y_train_0_ARID      |  out|    1|       m_axi|                               gmem_y_train|       pointer|
|m_axi_gmem_y_train_0_ARLEN     |  out|   32|       m_axi|                               gmem_y_train|       pointer|
|m_axi_gmem_y_train_0_ARSIZE    |  out|    3|       m_axi|                               gmem_y_train|       pointer|
|m_axi_gmem_y_train_0_ARBURST   |  out|    2|       m_axi|                               gmem_y_train|       pointer|
|m_axi_gmem_y_train_0_ARLOCK    |  out|    2|       m_axi|                               gmem_y_train|       pointer|
|m_axi_gmem_y_train_0_ARCACHE   |  out|    4|       m_axi|                               gmem_y_train|       pointer|
|m_axi_gmem_y_train_0_ARPROT    |  out|    3|       m_axi|                               gmem_y_train|       pointer|
|m_axi_gmem_y_train_0_ARQOS     |  out|    4|       m_axi|                               gmem_y_train|       pointer|
|m_axi_gmem_y_train_0_ARREGION  |  out|    4|       m_axi|                               gmem_y_train|       pointer|
|m_axi_gmem_y_train_0_ARUSER    |  out|    1|       m_axi|                               gmem_y_train|       pointer|
|m_axi_gmem_y_train_0_RVALID    |   in|    1|       m_axi|                               gmem_y_train|       pointer|
|m_axi_gmem_y_train_0_RREADY    |  out|    1|       m_axi|                               gmem_y_train|       pointer|
|m_axi_gmem_y_train_0_RDATA     |   in|   32|       m_axi|                               gmem_y_train|       pointer|
|m_axi_gmem_y_train_0_RLAST     |   in|    1|       m_axi|                               gmem_y_train|       pointer|
|m_axi_gmem_y_train_0_RID       |   in|    1|       m_axi|                               gmem_y_train|       pointer|
|m_axi_gmem_y_train_0_RFIFONUM  |   in|    9|       m_axi|                               gmem_y_train|       pointer|
|m_axi_gmem_y_train_0_RUSER     |   in|    1|       m_axi|                               gmem_y_train|       pointer|
|m_axi_gmem_y_train_0_RRESP     |   in|    2|       m_axi|                               gmem_y_train|       pointer|
|m_axi_gmem_y_train_0_BVALID    |   in|    1|       m_axi|                               gmem_y_train|       pointer|
|m_axi_gmem_y_train_0_BREADY    |  out|    1|       m_axi|                               gmem_y_train|       pointer|
|m_axi_gmem_y_train_0_BRESP     |   in|    2|       m_axi|                               gmem_y_train|       pointer|
|m_axi_gmem_y_train_0_BID       |   in|    1|       m_axi|                               gmem_y_train|       pointer|
|m_axi_gmem_y_train_0_BUSER     |   in|    1|       m_axi|                               gmem_y_train|       pointer|
|p_cast_cast                    |   in|   61|     ap_none|                                p_cast_cast|        scalar|
|sext_ln40                      |   in|   61|     ap_none|                                  sext_ln40|        scalar|
|sext_ln40_1                    |   in|   62|     ap_none|                                sext_ln40_1|        scalar|
|distances_address0             |  out|    4|   ap_memory|                                  distances|         array|
|distances_ce0                  |  out|    1|   ap_memory|                                  distances|         array|
|distances_we0                  |  out|    1|   ap_memory|                                  distances|         array|
|distances_d0                   |  out|   64|   ap_memory|                                  distances|         array|
|labels_address0                |  out|    4|   ap_memory|                                     labels|         array|
|labels_ce0                     |  out|    1|   ap_memory|                                     labels|         array|
|labels_we0                     |  out|    1|   ap_memory|                                     labels|         array|
|labels_d0                      |  out|    4|   ap_memory|                                     labels|         array|
+-------------------------------+-----+-----+------------+-------------------------------------------+--------------+

