

================================================================
== Vitis HLS Report for 'knn_majority_vote'
================================================================
* Date:           Tue Mar 17 18:06:11 2026

* Version:        2025.1 (Build 6135595 on May 21 2025)
* Project:        knn_accelerator
* Solution:       hls (Vivado IP Flow Target)
* Product family: zynq
* Target device:  xc7z020-clg400-1


================================================================
== Performance Estimates
================================================================
+ Timing: 
    * Summary: 
    +--------+----------+----------+------------+
    |  Clock |  Target  | Estimated| Uncertainty|
    +--------+----------+----------+------------+
    |ap_clk  |  10.00 ns|  7.160 ns|     2.70 ns|
    +--------+----------+----------+------------+

+ Latency: 
    * Summary: 
    +---------+---------+----------+----------+-----+-----+---------+
    |  Latency (cycles) |  Latency (absolute) |  Interval | Pipeline|
    |   min   |   max   |    min   |    max   | min | max |   Type  |
    +---------+---------+----------+----------+-----+-----+---------+
    |       38|       38|  0.380 us|  0.380 us|   38|   38|       no|
    +---------+---------+----------+----------+-----+-----+---------+

    + Detail: 
        * Instance: 
        +-------------------------------------------------------+---------------------------------------------+---------+---------+-----------+-----------+-----+-----+------------------------------------------------+
        |                                                       |                                             |  Latency (cycles) |   Latency (absolute)  |  Interval |                    Pipeline                    |
        |                        Instance                       |                    Module                   |   min   |   max   |    min    |    max    | min | max |                      Type                      |
        +-------------------------------------------------------+---------------------------------------------+---------+---------+-----------+-----------+-----+-----+------------------------------------------------+
        |grp_knn_majority_vote_Pipeline_VITIS_LOOP_95_1_fu_42   |knn_majority_vote_Pipeline_VITIS_LOOP_95_1   |       12|       12|   0.120 us|   0.120 us|   11|   11|  loop auto-rewind stp (delay=0 clock cycles(s))|
        |grp_knn_majority_vote_Pipeline_VITIS_LOOP_106_2_fu_48  |knn_majority_vote_Pipeline_VITIS_LOOP_106_2  |        8|        8|  80.000 ns|  80.000 ns|    7|    7|  loop auto-rewind stp (delay=0 clock cycles(s))|
        |grp_knn_majority_vote_Pipeline_VITIS_LOOP_119_3_fu_59  |knn_majority_vote_Pipeline_VITIS_LOOP_119_3  |       12|       12|   0.120 us|   0.120 us|   11|   11|  loop auto-rewind stp (delay=0 clock cycles(s))|
        +-------------------------------------------------------+---------------------------------------------+---------+---------+-----------+-----------+-----+-----+------------------------------------------------+

        * Loop: 
        N/A



================================================================
== Utilization Estimates
================================================================
* Summary: 
+-----------------+---------+-----+--------+-------+-----+
|       Name      | BRAM_18K| DSP |   FF   |  LUT  | URAM|
+-----------------+---------+-----+--------+-------+-----+
|DSP              |        -|    -|       -|      -|    -|
|Expression       |        -|    -|       -|      -|    -|
|FIFO             |        -|    -|       -|      -|    -|
|Instance         |        -|    -|     222|    470|    -|
|Memory           |        0|    -|      64|      5|    0|
|Multiplexer      |        -|    -|       0|    119|    -|
|Register         |        -|    -|      10|      -|    -|
+-----------------+---------+-----+--------+-------+-----+
|Total            |        0|    0|     296|    594|    0|
+-----------------+---------+-----+--------+-------+-----+
|Available        |      280|  220|  106400|  53200|    0|
+-----------------+---------+-----+--------+-------+-----+
|Utilization (%)  |        0|    0|      ~0|      1|    0|
+-----------------+---------+-----+--------+-------+-----+

+ Detail: 
    * Instance: 
    +-------------------------------------------------------+---------------------------------------------+---------+----+-----+-----+-----+
    |                        Instance                       |                    Module                   | BRAM_18K| DSP|  FF | LUT | URAM|
    +-------------------------------------------------------+---------------------------------------------+---------+----+-----+-----+-----+
    |grp_knn_majority_vote_Pipeline_VITIS_LOOP_106_2_fu_48  |knn_majority_vote_Pipeline_VITIS_LOOP_106_2  |        0|   0|  141|  241|    0|
    |grp_knn_majority_vote_Pipeline_VITIS_LOOP_119_3_fu_59  |knn_majority_vote_Pipeline_VITIS_LOOP_119_3  |        0|   0|   75|  176|    0|
    |grp_knn_majority_vote_Pipeline_VITIS_LOOP_95_1_fu_42   |knn_majority_vote_Pipeline_VITIS_LOOP_95_1   |        0|   0|    6|   53|    0|
    +-------------------------------------------------------+---------------------------------------------+---------+----+-----+-----+-----+
    |Total                                                  |                                             |        0|   0|  222|  470|    0|
    +-------------------------------------------------------+---------------------------------------------+---------+----+-----+-----+-----+

    * DSP: 
    N/A

    * Memory: 
    +----------+----------------------------------------+---------+----+----+-----+------+-----+------+-------------+
    |  Memory  |                 Module                 | BRAM_18K| FF | LUT| URAM| Words| Bits| Banks| W*Bits*Banks|
    +----------+----------------------------------------+---------+----+----+-----+------+-----+------+-------------+
    |counts_U  |knn_majority_vote_counts_RAM_AUTO_1R1W  |        0|  64|   5|    0|    10|   32|     1|          320|
    +----------+----------------------------------------+---------+----+----+-----+------+-----+------+-------------+
    |Total     |                                        |        0|  64|   5|    0|    10|   32|     1|          320|
    +----------+----------------------------------------+---------+----+----+-----+------+-----+------+-------------+

    * FIFO: 
    N/A

    * Expression: 
    N/A

    * Multiplexer: 
    +-----------------+----+-----------+-----+-----------+
    |       Name      | LUT| Input Size| Bits| Total Bits|
    +-----------------+----+-----------+-----+-----------+
    |ap_NS_fsm        |  42|          8|    1|          8|
    |counts_address0  |  20|          4|    4|         16|
    |counts_ce0       |  20|          4|    1|          4|
    |counts_ce1       |   9|          2|    1|          2|
    |counts_d0        |  14|          3|   32|         96|
    |counts_we0       |  14|          3|    1|          3|
    +-----------------+----+-----------+-----+-----------+
    |Total            | 119|         24|   40|        129|
    +-----------------+----+-----------+-----+-----------+

    * Register: 
    +--------------------------------------------------------------------+---+----+-----+-----------+
    |                                Name                                | FF| LUT| Bits| Const Bits|
    +--------------------------------------------------------------------+---+----+-----+-----------+
    |ap_CS_fsm                                                           |  7|   0|    7|          0|
    |grp_knn_majority_vote_Pipeline_VITIS_LOOP_106_2_fu_48_ap_start_reg  |  1|   0|    1|          0|
    |grp_knn_majority_vote_Pipeline_VITIS_LOOP_119_3_fu_59_ap_start_reg  |  1|   0|    1|          0|
    |grp_knn_majority_vote_Pipeline_VITIS_LOOP_95_1_fu_42_ap_start_reg   |  1|   0|    1|          0|
    +--------------------------------------------------------------------+---+----+-----+-----------+
    |Total                                                               | 10|   0|   10|          0|
    +--------------------------------------------------------------------+---+----+-----+-----------+



================================================================
== Interface
================================================================
* Summary: 
+----------------------+-----+-----+------------+----------------------+--------------+
|       RTL Ports      | Dir | Bits|  Protocol  |     Source Object    |    C Type    |
+----------------------+-----+-----+------------+----------------------+--------------+
|ap_clk                |   in|    1|  ap_ctrl_hs|     knn_majority_vote|  return value|
|ap_rst                |   in|    1|  ap_ctrl_hs|     knn_majority_vote|  return value|
|ap_start              |   in|    1|  ap_ctrl_hs|     knn_majority_vote|  return value|
|ap_done               |  out|    1|  ap_ctrl_hs|     knn_majority_vote|  return value|
|ap_idle               |  out|    1|  ap_ctrl_hs|     knn_majority_vote|  return value|
|ap_ready              |  out|    1|  ap_ctrl_hs|     knn_majority_vote|  return value|
|ap_return             |  out|   32|  ap_ctrl_hs|     knn_majority_vote|  return value|
|top_k_labels_read     |   in|    4|     ap_none|     top_k_labels_read|        scalar|
|top_k_labels_read_10  |   in|    4|     ap_none|  top_k_labels_read_10|        scalar|
|top_k_labels_read_11  |   in|    4|     ap_none|  top_k_labels_read_11|        scalar|
+----------------------+-----+-----+------------+----------------------+--------------+

