

================================================================
== Vitis HLS Report for 'knn_distance_and_sort_Pipeline_sort_loop_j'
================================================================
* Date:           Tue Mar 17 18:06:09 2026

* Version:        2025.1 (Build 6135595 on May 21 2025)
* Project:        knn_accelerator
* Solution:       hls (Vivado IP Flow Target)
* Product family: zynq
* Target device:  xc7z020-clg400-1


================================================================
== Performance Estimates
================================================================
+ Timing: 
    * Summary: 
    +--------+----------+----------+------------+
    |  Clock |  Target  | Estimated| Uncertainty|
    +--------+----------+----------+------------+
    |ap_clk  |  10.00 ns|  6.508 ns|     2.70 ns|
    +--------+----------+----------+------------+

+ Latency: 
    * Summary: 
    +---------+---------+-----------+-----------+-----+------+------------------------------------------------+
    |  Latency (cycles) |   Latency (absolute)  |  Interval  |                    Pipeline                    |
    |   min   |   max   |    min    |    max    | min |  max |                      Type                      |
    +---------+---------+-----------+-----------+-----+------+------------------------------------------------+
    |        7|     7497|  70.000 ns|  74.970 us|    6|  7496|  loop auto-rewind stp (delay=0 clock cycles(s))|
    +---------+---------+-----------+-----------+-----+------+------------------------------------------------+

    + Detail: 
        * Instance: 
        N/A

        * Loop: 
        +---------------+---------+---------+----------+-----------+-----------+----------+----------+
        |               |  Latency (cycles) | Iteration|  Initiation Interval  |   Trip   |          |
        |   Loop Name   |   min   |   max   |  Latency |  achieved |   target  |   Count  | Pipelined|
        +---------------+---------+---------+----------+-----------+-----------+----------+----------+
        |- sort_loop_j  |        5|     7495|         5|          5|          1|  1 ~ 1499|       yes|
        +---------------+---------+---------+----------+-----------+-----------+----------+----------+



================================================================
== Utilization Estimates
================================================================
* Summary: 
+-----------------+---------+-----+--------+-------+-----+
|       Name      | BRAM_18K| DSP |   FF   |  LUT  | URAM|
+-----------------+---------+-----+--------+-------+-----+
|DSP              |        -|    -|       -|      -|    -|
|Expression       |        -|    -|       0|    174|    -|
|FIFO             |        -|    -|       -|      -|    -|
|Instance         |        -|    -|       -|      -|    -|
|Memory           |        -|    -|       -|      -|    -|
|Multiplexer      |        -|    -|       0|    114|    -|
|Register         |        -|    -|     224|      -|    -|
+-----------------+---------+-----+--------+-------+-----+
|Total            |        0|    0|     224|    288|    0|
+-----------------+---------+-----+--------+-------+-----+
|Available        |      280|  220|  106400|  53200|    0|
+-----------------+---------+-----+--------+-------+-----+
|Utilization (%)  |        0|    0|      ~0|     ~0|    0|
+-----------------+---------+-----+--------+-------+-----+

+ Detail: 
    * Instance: 
    +---------------------------------+-----------------------------+---------+----+---+----+-----+
    |             Instance            |            Module           | BRAM_18K| DSP| FF| LUT| URAM|
    +---------------------------------+-----------------------------+---------+----+---+----+-----+
    |dcmp_64ns_64ns_1_2_no_dsp_1_U19  |dcmp_64ns_64ns_1_2_no_dsp_1  |        0|   0|  0|   0|    0|
    +---------------------------------+-----------------------------+---------+----+---+----+-----+
    |Total                            |                             |        0|   0|  0|   0|    0|
    +---------------------------------+-----------------------------+---------+----+---+----+-----+

    * DSP: 
    N/A

    * Memory: 
    N/A

    * FIFO: 
    N/A

    * Expression: 
    +-----------------------+----------+----+---+----+------------+------------+
    |     Variable Name     | Operation| DSP| FF| LUT| Bitwidth P0| Bitwidth P1|
    +-----------------------+----------+----+---+----+------------+------------+
    |add_ln66_fu_126_p2     |         +|   0|  0|  12|          11|           1|
    |and_ln66_1_fu_218_p2   |       and|   0|  0|   2|           1|           1|
    |and_ln66_fu_212_p2     |       and|   0|  0|   2|           1|           1|
    |icmp_ln65_fu_120_p2    |      icmp|   0|  0|  12|          11|          11|
    |icmp_ln66_1_fu_182_p2  |      icmp|   0|  0|  59|          52|           1|
    |icmp_ln66_2_fu_194_p2  |      icmp|   0|  0|  12|          11|           2|
    |icmp_ln66_3_fu_200_p2  |      icmp|   0|  0|  59|          52|           1|
    |icmp_ln66_fu_176_p2    |      icmp|   0|  0|  12|          11|           2|
    |or_ln66_1_fu_206_p2    |        or|   0|  0|   2|           1|           1|
    |or_ln66_fu_188_p2      |        or|   0|  0|   2|           1|           1|
    +-----------------------+----------+----+---+----+------------+------------+
    |Total                  |          |   0|  0| 174|         152|          22|
    +-----------------------+----------+----+---+----+------------+------------+

    * Multiplexer: 
    +--------------------------+----+-----------+-----+-----------+
    |           Name           | LUT| Input Size| Bits| Total Bits|
    +--------------------------+----+-----------+-----+-----------+
    |ap_NS_fsm                 |  31|          6|    1|          6|
    |ap_done_int               |   9|          2|    1|          2|
    |ap_sig_allocacmp_j_1      |   9|          2|   11|         22|
    |distances_address0_local  |  14|          3|   11|         33|
    |distances_address1_local  |  14|          3|   11|         33|
    |j_fu_46                   |   9|          2|   11|         22|
    |labels_address0_local     |  14|          3|   11|         33|
    |labels_address1_local     |  14|          3|   11|         33|
    +--------------------------+----+-----------+-----+-----------+
    |Total                     | 114|         24|   68|        184|
    +--------------------------+----+-----------+-----+-----------+

    * Register: 
    +--------------------------+----+----+-----+-----------+
    |           Name           | FF | LUT| Bits| Const Bits|
    +--------------------------+----+----+-----+-----------+
    |add_ln66_reg_239          |  11|   0|   11|          0|
    |and_ln66_1_reg_278        |   1|   0|    1|          0|
    |ap_CS_fsm                 |   5|   0|    5|          0|
    |ap_done_reg               |   1|   0|    1|          0|
    |distances_addr_1_reg_259  |  11|   0|   11|          0|
    |distances_addr_reg_249    |  11|   0|   11|          0|
    |distances_load_1_reg_271  |  64|   0|   64|          0|
    |icmp_ln65_reg_235         |   1|   0|    1|          0|
    |j_fu_46                   |  11|   0|   11|          0|
    |labels_addr_1_reg_287     |  11|   0|   11|          0|
    |labels_addr_reg_282       |  11|   0|   11|          0|
    |temp_dist_reg_264         |  64|   0|   64|          0|
    |zext_ln65_reg_244         |  11|   0|   64|         53|
    |zext_ln66_reg_254         |  11|   0|   64|         53|
    +--------------------------+----+----+-----+-----------+
    |Total                     | 224|   0|  330|        106|
    +--------------------------+----+----+-----+-----------+



================================================================
== Interface
================================================================
* Summary: 
+--------------------+-----+-----+------------+--------------------------------------------+--------------+
|      RTL Ports     | Dir | Bits|  Protocol  |                Source Object               |    C Type    |
+--------------------+-----+-----+------------+--------------------------------------------+--------------+
|ap_clk              |   in|    1|  ap_ctrl_hs|  knn_distance_and_sort_Pipeline_sort_loop_j|  return value|
|ap_rst              |   in|    1|  ap_ctrl_hs|  knn_distance_and_sort_Pipeline_sort_loop_j|  return value|
|ap_start            |   in|    1|  ap_ctrl_hs|  knn_distance_and_sort_Pipeline_sort_loop_j|  return value|
|ap_done             |  out|    1|  ap_ctrl_hs|  knn_distance_and_sort_Pipeline_sort_loop_j|  return value|
|ap_idle             |  out|    1|  ap_ctrl_hs|  knn_distance_and_sort_Pipeline_sort_loop_j|  return value|
|ap_ready            |  out|    1|  ap_ctrl_hs|  knn_distance_and_sort_Pipeline_sort_loop_j|  return value|
|indvars_iv14        |   in|   11|     ap_none|                                indvars_iv14|        scalar|
|distances_address0  |  out|   11|   ap_memory|                                   distances|         array|
|distances_ce0       |  out|    1|   ap_memory|                                   distances|         array|
|distances_we0       |  out|    1|   ap_memory|                                   distances|         array|
|distances_d0        |  out|   64|   ap_memory|                                   distances|         array|
|distances_q0        |   in|   64|   ap_memory|                                   distances|         array|
|distances_address1  |  out|   11|   ap_memory|                                   distances|         array|
|distances_ce1       |  out|    1|   ap_memory|                                   distances|         array|
|distances_we1       |  out|    1|   ap_memory|                                   distances|         array|
|distances_d1        |  out|   64|   ap_memory|                                   distances|         array|
|distances_q1        |   in|   64|   ap_memory|                                   distances|         array|
|labels_address0     |  out|   11|   ap_memory|                                      labels|         array|
|labels_ce0          |  out|    1|   ap_memory|                                      labels|         array|
|labels_we0          |  out|    1|   ap_memory|                                      labels|         array|
|labels_d0           |  out|    4|   ap_memory|                                      labels|         array|
|labels_q0           |   in|    4|   ap_memory|                                      labels|         array|
|labels_address1     |  out|   11|   ap_memory|                                      labels|         array|
|labels_ce1          |  out|    1|   ap_memory|                                      labels|         array|
|labels_we1          |  out|    1|   ap_memory|                                      labels|         array|
|labels_d1           |  out|    4|   ap_memory|                                      labels|         array|
|labels_q1           |   in|    4|   ap_memory|                                      labels|         array|
+--------------------+-----+-----+------------+--------------------------------------------+--------------+

