

================================================================
== Vitis HLS Report for 'knn_majority_vote'
================================================================
* Date:           Sat Mar 21 23:51:26 2026

* Version:        2025.2 (Build 6295257 on Nov 14 2025)
* Project:        knn_accelerator
* Solution:       hls (Vivado IP Flow Target)
* Product family: zynq
* Target device:  xc7z020-clg400-1


================================================================
== Performance Estimates
================================================================
+ Timing: 
    * Summary: 
    +--------+----------+----------+------------+
    |  Clock |  Target  | Estimated| Uncertainty|
    +--------+----------+----------+------------+
    |ap_clk  |  10.00 ns|  7.196 ns|     2.70 ns|
    +--------+----------+----------+------------+

+ Latency: 
    * Summary: 
    +---------+---------+----------+----------+-----+-----+---------+
    |  Latency (cycles) |  Latency (absolute) |  Interval | Pipeline|
    |   min   |   max   |    min   |    max   | min | max |   Type  |
    +---------+---------+----------+----------+-----+-----+---------+
    |       39|       39|  0.390 us|  0.390 us|   39|   39|       no|
    +---------+---------+----------+----------+-----+-----+---------+

    + Detail: 
        * Instance: 
        N/A

        * Loop: 
        +-------------------+---------+---------+----------+-----------+-----------+------+----------+
        |                   |  Latency (cycles) | Iteration|  Initiation Interval  | Trip |          |
        |     Loop Name     |   min   |   max   |  Latency |  achieved |   target  | Count| Pipelined|
        +-------------------+---------+---------+----------+-----------+-----------+------+----------+
        |- count_init_loop  |       10|       10|         1|          -|          -|    10|        no|
        |- set_counts_loop  |        6|        6|         2|          -|          -|     3|        no|
        |- max_count_loop   |       20|       20|         2|          -|          -|    10|        no|
        +-------------------+---------+---------+----------+-----------+-----------+------+----------+

============================================================
+ Verbose Summary: Synthesis Manager
============================================================
InlineROM: 1
ExposeGlobal: 0
============================================================
+ Verbose Summary: CDFG Model
============================================================
IsTopModel: 0
ResetActiveHigh: 1
IsCombinational: 0
IsDatapathOnly: 0
HasWiredReturn: 1
HasMFsm: 0
HasVarLatency: 1
IsPipeline: 0
IsRtlPipelined: 0
IsInstanceOverlapped: 0
IsDontTouch: 0
HasImplIP: 0
IsGatedGlobalClock: 0


============================================================
+ Verbose Summary: Schedule
============================================================
* Number of FSM states : 6
* Pipeline : 0
* Dataflow Pipeline: 0

* FSM state transitions: 
1 --> 2 
2 --> 2 3 
3 --> 4 5 
4 --> 3 
5 --> 6 
6 --> 5 

* FSM state operations: 

State 1 <SV = 0> <Delay = 1.58>
ST_1 : Operation 7 [1/1] (0.00ns)   --->   "%i = alloca i32 1" [../src/knn.cpp:101]   --->   Operation 7 'alloca' 'i' <Predicate = true> <Delay = 0.00>
ST_1 : Operation 8 [1/1] (0.00ns)   --->   "%top_k_labels_read_1 = read i4 @_ssdm_op_Read.ap_auto.i4, i4 %top_k_labels_read_9"   --->   Operation 8 'read' 'top_k_labels_read_1' <Predicate = true> <Delay = 0.00>
ST_1 : Operation 9 [1/1] (0.00ns)   --->   "%top_k_labels_read_2 = read i4 @_ssdm_op_Read.ap_auto.i4, i4 %top_k_labels_read_8"   --->   Operation 9 'read' 'top_k_labels_read_2' <Predicate = true> <Delay = 0.00>
ST_1 : Operation 10 [1/1] (0.00ns)   --->   "%top_k_labels_read_5 = read i4 @_ssdm_op_Read.ap_auto.i4, i4 %top_k_labels_read"   --->   Operation 10 'read' 'top_k_labels_read_5' <Predicate = true> <Delay = 0.00>
ST_1 : Operation 11 [1/1] (0.00ns)   --->   "%counts = alloca i64 1" [../src/knn.cpp:94]   --->   Operation 11 'alloca' 'counts' <Predicate = true> <Delay = 0.00> <CoreInst = "RAM">   --->   Core 81 'RAM' <Latency = 1> <II = 1> <Delay = 2.32> <Storage> <Opcode : 'load' 'store'> <Ports = 2> <Width = 32> <Depth = 10> <RAM>
ST_1 : Operation 12 [1/1] (1.58ns)   --->   "%store_ln101 = store i4 0, i4 %i" [../src/knn.cpp:101]   --->   Operation 12 'store' 'store_ln101' <Predicate = true> <Delay = 1.58>
ST_1 : Operation 13 [1/1] (0.00ns)   --->   "%br_ln101 = br void %for.inc" [../src/knn.cpp:101]   --->   Operation 13 'br' 'br_ln101' <Predicate = true> <Delay = 0.00>

State 2 <SV = 1> <Delay = 4.05>
ST_2 : Operation 14 [1/1] (0.00ns)   --->   "%i_3 = load i4 %i" [../src/knn.cpp:101]   --->   Operation 14 'load' 'i_3' <Predicate = true> <Delay = 0.00>
ST_2 : Operation 15 [1/1] (1.73ns)   --->   "%icmp_ln101 = icmp_eq  i4 %i_3, i4 10" [../src/knn.cpp:101]   --->   Operation 15 'icmp' 'icmp_ln101' <Predicate = true> <Delay = 1.73> <CoreInst = "Cmp">   --->   Core 9 'Cmp' <Latency = 0> <II = 1> <Delay = 1.73> <FuncUnit> <Opcode : 'seteq' 'setne' 'setle' 'setge' 'setlt' 'setgt'> <InPorts = 2> <OutPorts = 1>
ST_2 : Operation 16 [1/1] (1.73ns)   --->   "%add_ln101 = add i4 %i_3, i4 1" [../src/knn.cpp:101]   --->   Operation 16 'add' 'add_ln101' <Predicate = true> <Delay = 1.73> <CoreInst = "Adder">   --->   Core 1 'Adder' <Latency = 0> <II = 1> <Delay = 1.73> <FuncUnit> <Opcode : 'add' 'sub'> <InPorts = 2> <OutPorts = 1>
ST_2 : Operation 17 [1/1] (0.00ns)   --->   "%br_ln101 = br i1 %icmp_ln101, void %for.inc.split, void %for.inc11.preheader" [../src/knn.cpp:101]   --->   Operation 17 'br' 'br_ln101' <Predicate = true> <Delay = 0.00>
ST_2 : Operation 18 [1/1] (0.00ns)   --->   "%zext_ln101 = zext i4 %i_3" [../src/knn.cpp:101]   --->   Operation 18 'zext' 'zext_ln101' <Predicate = (!icmp_ln101)> <Delay = 0.00>
ST_2 : Operation 19 [1/1] (0.00ns)   --->   "%specpipeline_ln102 = specpipeline void @_ssdm_op_SpecPipeline, i32 0, i32 0, i32 1, i32 0, i32 4294967295, void @empty_0" [../src/knn.cpp:102]   --->   Operation 19 'specpipeline' 'specpipeline_ln102' <Predicate = (!icmp_ln101)> <Delay = 0.00>
ST_2 : Operation 20 [1/1] (0.00ns)   --->   "%speclooptripcount_ln101 = speclooptripcount void @_ssdm_op_SpecLoopTripCount, i64 10, i64 10, i64 10" [../src/knn.cpp:101]   --->   Operation 20 'speclooptripcount' 'speclooptripcount_ln101' <Predicate = (!icmp_ln101)> <Delay = 0.00>
ST_2 : Operation 21 [1/1] (0.00ns)   --->   "%specloopname_ln101 = specloopname void @_ssdm_op_SpecLoopName, void @empty_19" [../src/knn.cpp:101]   --->   Operation 21 'specloopname' 'specloopname_ln101' <Predicate = (!icmp_ln101)> <Delay = 0.00>
ST_2 : Operation 22 [1/1] (0.00ns)   --->   "%counts_addr = getelementptr i32 %counts, i64 0, i64 %zext_ln101" [../src/knn.cpp:103]   --->   Operation 22 'getelementptr' 'counts_addr' <Predicate = (!icmp_ln101)> <Delay = 0.00>
ST_2 : Operation 23 [1/1] ( I:2.32ns O:2.32ns )   --->   "%store_ln103 = store i32 0, i4 %counts_addr" [../src/knn.cpp:103]   --->   Operation 23 'store' 'store_ln103' <Predicate = (!icmp_ln101)> <Delay = 2.32> <CoreInst = "RAM">   --->   Core 81 'RAM' <Latency = 1> <II = 1> <Delay = 2.32> <Storage> <Opcode : 'load' 'store'> <Ports = 2> <Width = 32> <Depth = 10> <RAM>
ST_2 : Operation 24 [1/1] (1.58ns)   --->   "%store_ln101 = store i4 %add_ln101, i4 %i" [../src/knn.cpp:101]   --->   Operation 24 'store' 'store_ln101' <Predicate = (!icmp_ln101)> <Delay = 1.58>
ST_2 : Operation 25 [1/1] (0.00ns)   --->   "%br_ln101 = br void %for.inc" [../src/knn.cpp:101]   --->   Operation 25 'br' 'br_ln101' <Predicate = (!icmp_ln101)> <Delay = 0.00>
ST_2 : Operation 26 [1/1] (0.00ns)   --->   "%i_1 = alloca i32 1" [../src/knn.cpp:113]   --->   Operation 26 'alloca' 'i_1' <Predicate = (icmp_ln101)> <Delay = 0.00>
ST_2 : Operation 27 [1/1] (1.58ns)   --->   "%store_ln113 = store i2 0, i2 %i_1" [../src/knn.cpp:113]   --->   Operation 27 'store' 'store_ln113' <Predicate = (icmp_ln101)> <Delay = 1.58>
ST_2 : Operation 28 [1/1] (0.00ns)   --->   "%br_ln113 = br void %for.inc11" [../src/knn.cpp:113]   --->   Operation 28 'br' 'br_ln113' <Predicate = (icmp_ln101)> <Delay = 0.00>

State 3 <SV = 2> <Delay = 3.91>
ST_3 : Operation 29 [1/1] (0.00ns)   --->   "%i_4 = load i2 %i_1" [../src/knn.cpp:113]   --->   Operation 29 'load' 'i_4' <Predicate = true> <Delay = 0.00>
ST_3 : Operation 30 [1/1] (1.56ns)   --->   "%icmp_ln113 = icmp_eq  i2 %i_4, i2 3" [../src/knn.cpp:113]   --->   Operation 30 'icmp' 'icmp_ln113' <Predicate = true> <Delay = 1.56> <CoreInst = "Cmp">   --->   Core 9 'Cmp' <Latency = 0> <II = 1> <Delay = 1.56> <FuncUnit> <Opcode : 'seteq' 'setne' 'setle' 'setge' 'setlt' 'setgt'> <InPorts = 2> <OutPorts = 1>
ST_3 : Operation 31 [1/1] (1.56ns)   --->   "%add_ln113 = add i2 %i_4, i2 1" [../src/knn.cpp:113]   --->   Operation 31 'add' 'add_ln113' <Predicate = true> <Delay = 1.56> <CoreInst = "Adder">   --->   Core 1 'Adder' <Latency = 0> <II = 1> <Delay = 1.56> <FuncUnit> <Opcode : 'add' 'sub'> <InPorts = 2> <OutPorts = 1>
ST_3 : Operation 32 [1/1] (0.00ns)   --->   "%br_ln113 = br i1 %icmp_ln113, void %for.inc11.split, void %for.body18.preheader" [../src/knn.cpp:113]   --->   Operation 32 'br' 'br_ln113' <Predicate = true> <Delay = 0.00>
ST_3 : Operation 33 [1/1] (1.58ns)   --->   "%idx = sparsemux i4 @_ssdm_op_SparseMux.ap_auto.3i4.i4.i2, i2 0, i4 %top_k_labels_read_5, i2 1, i4 %top_k_labels_read_2, i2 2, i4 %top_k_labels_read_1, i4 0, i2 %i_4" [../src/knn.cpp:115]   --->   Operation 33 'sparsemux' 'idx' <Predicate = (!icmp_ln113)> <Delay = 1.58> <CoreInst = "OneHotSparseMux_HasDef">   --->   Core 140 'OneHotSparseMux_HasDef' <Latency = 0> <II = 1> <Delay = 1.58> <FuncUnit> <Opcode : 'sparsemux'> <InPorts = 2> <OutPorts = 1>
ST_3 : Operation 34 [1/1] (0.00ns)   --->   "%zext_ln116 = zext i4 %idx" [../src/knn.cpp:116]   --->   Operation 34 'zext' 'zext_ln116' <Predicate = (!icmp_ln113)> <Delay = 0.00>
ST_3 : Operation 35 [1/1] (0.00ns)   --->   "%counts_addr_1 = getelementptr i32 %counts, i64 0, i64 %zext_ln116" [../src/knn.cpp:116]   --->   Operation 35 'getelementptr' 'counts_addr_1' <Predicate = (!icmp_ln113)> <Delay = 0.00>
ST_3 : Operation 36 [2/2] (2.32ns)   --->   "%counts_load = load i4 %counts_addr_1" [../src/knn.cpp:116]   --->   Operation 36 'load' 'counts_load' <Predicate = (!icmp_ln113)> <Delay = 2.32> <CoreInst = "RAM">   --->   Core 81 'RAM' <Latency = 1> <II = 1> <Delay = 2.32> <Storage> <Opcode : 'load' 'store'> <Ports = 2> <Width = 32> <Depth = 10> <RAM>
ST_3 : Operation 37 [1/1] (1.58ns)   --->   "%store_ln113 = store i2 %add_ln113, i2 %i_1" [../src/knn.cpp:113]   --->   Operation 37 'store' 'store_ln113' <Predicate = (!icmp_ln113)> <Delay = 1.58>
ST_3 : Operation 38 [1/1] (0.00ns)   --->   "%max = alloca i32 1" [../src/knn.cpp:125]   --->   Operation 38 'alloca' 'max' <Predicate = (icmp_ln113)> <Delay = 0.00>
ST_3 : Operation 39 [1/1] (0.00ns)   --->   "%max_label = alloca i32 1" [../src/knn.cpp:126]   --->   Operation 39 'alloca' 'max_label' <Predicate = (icmp_ln113)> <Delay = 0.00>
ST_3 : Operation 40 [1/1] (0.00ns)   --->   "%i_2 = alloca i32 1" [../src/knn.cpp:127]   --->   Operation 40 'alloca' 'i_2' <Predicate = (icmp_ln113)> <Delay = 0.00>
ST_3 : Operation 41 [1/1] (1.58ns)   --->   "%store_ln127 = store i4 0, i4 %i_2" [../src/knn.cpp:127]   --->   Operation 41 'store' 'store_ln127' <Predicate = (icmp_ln113)> <Delay = 1.58>
ST_3 : Operation 42 [1/1] (1.58ns)   --->   "%store_ln125 = store i32 0, i32 %max" [../src/knn.cpp:125]   --->   Operation 42 'store' 'store_ln125' <Predicate = (icmp_ln113)> <Delay = 1.58>
ST_3 : Operation 43 [1/1] (0.00ns)   --->   "%br_ln127 = br void %for.body18" [../src/knn.cpp:127]   --->   Operation 43 'br' 'br_ln127' <Predicate = (icmp_ln113)> <Delay = 0.00>

State 4 <SV = 3> <Delay = 7.19>
ST_4 : Operation 44 [1/1] (0.00ns)   --->   "%specpipeline_ln114 = specpipeline void @_ssdm_op_SpecPipeline, i32 0, i32 0, i32 1, i32 0, i32 4294967295, void @empty_0" [../src/knn.cpp:114]   --->   Operation 44 'specpipeline' 'specpipeline_ln114' <Predicate = true> <Delay = 0.00>
ST_4 : Operation 45 [1/1] (0.00ns)   --->   "%speclooptripcount_ln113 = speclooptripcount void @_ssdm_op_SpecLoopTripCount, i64 3, i64 3, i64 3" [../src/knn.cpp:113]   --->   Operation 45 'speclooptripcount' 'speclooptripcount_ln113' <Predicate = true> <Delay = 0.00>
ST_4 : Operation 46 [1/1] (0.00ns)   --->   "%specloopname_ln113 = specloopname void @_ssdm_op_SpecLoopName, void @empty_18" [../src/knn.cpp:113]   --->   Operation 46 'specloopname' 'specloopname_ln113' <Predicate = true> <Delay = 0.00>
ST_4 : Operation 47 [1/2] ( I:2.32ns O:2.32ns )   --->   "%counts_load = load i4 %counts_addr_1" [../src/knn.cpp:116]   --->   Operation 47 'load' 'counts_load' <Predicate = true> <Delay = 2.32> <CoreInst = "RAM">   --->   Core 81 'RAM' <Latency = 1> <II = 1> <Delay = 2.32> <Storage> <Opcode : 'load' 'store'> <Ports = 2> <Width = 32> <Depth = 10> <RAM>
ST_4 : Operation 48 [1/1] (2.55ns)   --->   "%add_ln116 = add i32 %counts_load, i32 1" [../src/knn.cpp:116]   --->   Operation 48 'add' 'add_ln116' <Predicate = true> <Delay = 2.55> <CoreInst = "Adder">   --->   Core 1 'Adder' <Latency = 0> <II = 1> <Delay = 2.55> <FuncUnit> <Opcode : 'add' 'sub'> <InPorts = 2> <OutPorts = 1>
ST_4 : Operation 49 [1/1] ( I:2.32ns O:2.32ns )   --->   "%store_ln116 = store i32 %add_ln116, i4 %counts_addr_1" [../src/knn.cpp:116]   --->   Operation 49 'store' 'store_ln116' <Predicate = true> <Delay = 2.32> <CoreInst = "RAM">   --->   Core 81 'RAM' <Latency = 1> <II = 1> <Delay = 2.32> <Storage> <Opcode : 'load' 'store'> <Ports = 2> <Width = 32> <Depth = 10> <RAM>
ST_4 : Operation 50 [1/1] (0.00ns)   --->   "%br_ln113 = br void %for.inc11" [../src/knn.cpp:113]   --->   Operation 50 'br' 'br_ln113' <Predicate = true> <Delay = 0.00>

State 5 <SV = 3> <Delay = 3.32>
ST_5 : Operation 51 [1/1] (0.00ns)   --->   "%i_5 = load i4 %i_2" [../src/knn.cpp:127]   --->   Operation 51 'load' 'i_5' <Predicate = true> <Delay = 0.00>
ST_5 : Operation 52 [1/1] (1.73ns)   --->   "%icmp_ln127 = icmp_eq  i4 %i_5, i4 10" [../src/knn.cpp:127]   --->   Operation 52 'icmp' 'icmp_ln127' <Predicate = true> <Delay = 1.73> <CoreInst = "Cmp">   --->   Core 9 'Cmp' <Latency = 0> <II = 1> <Delay = 1.73> <FuncUnit> <Opcode : 'seteq' 'setne' 'setle' 'setge' 'setlt' 'setgt'> <InPorts = 2> <OutPorts = 1>
ST_5 : Operation 53 [1/1] (1.73ns)   --->   "%add_ln127 = add i4 %i_5, i4 1" [../src/knn.cpp:127]   --->   Operation 53 'add' 'add_ln127' <Predicate = true> <Delay = 1.73> <CoreInst = "Adder">   --->   Core 1 'Adder' <Latency = 0> <II = 1> <Delay = 1.73> <FuncUnit> <Opcode : 'add' 'sub'> <InPorts = 2> <OutPorts = 1>
ST_5 : Operation 54 [1/1] (0.00ns)   --->   "%br_ln127 = br i1 %icmp_ln127, void %for.body18.split, void %for.end26" [../src/knn.cpp:127]   --->   Operation 54 'br' 'br_ln127' <Predicate = true> <Delay = 0.00>
ST_5 : Operation 55 [1/1] (0.00ns)   --->   "%zext_ln127 = zext i4 %i_5" [../src/knn.cpp:127]   --->   Operation 55 'zext' 'zext_ln127' <Predicate = (!icmp_ln127)> <Delay = 0.00>
ST_5 : Operation 56 [1/1] (0.00ns)   --->   "%counts_addr_2 = getelementptr i32 %counts, i64 0, i64 %zext_ln127" [../src/knn.cpp:129]   --->   Operation 56 'getelementptr' 'counts_addr_2' <Predicate = (!icmp_ln127)> <Delay = 0.00>
ST_5 : Operation 57 [2/2] (2.32ns)   --->   "%counts_load_1 = load i4 %counts_addr_2" [../src/knn.cpp:129]   --->   Operation 57 'load' 'counts_load_1' <Predicate = (!icmp_ln127)> <Delay = 2.32> <CoreInst = "RAM">   --->   Core 81 'RAM' <Latency = 1> <II = 1> <Delay = 2.32> <Storage> <Opcode : 'load' 'store'> <Ports = 2> <Width = 32> <Depth = 10> <RAM>
ST_5 : Operation 58 [1/1] (1.58ns)   --->   "%store_ln127 = store i4 %add_ln127, i4 %i_2" [../src/knn.cpp:127]   --->   Operation 58 'store' 'store_ln127' <Predicate = (!icmp_ln127)> <Delay = 1.58>
ST_5 : Operation 59 [1/1] (0.00ns)   --->   "%max_label_load = load i32 %max_label" [../src/knn.cpp:136]   --->   Operation 59 'load' 'max_label_load' <Predicate = (icmp_ln127)> <Delay = 0.00>
ST_5 : Operation 60 [1/1] (0.00ns)   --->   "%ret_ln136 = ret i32 %max_label_load" [../src/knn.cpp:136]   --->   Operation 60 'ret' 'ret_ln136' <Predicate = (icmp_ln127)> <Delay = 0.00>

State 6 <SV = 4> <Delay = 7.16>
ST_6 : Operation 61 [1/1] (0.00ns)   --->   "%max_load = load i32 %max" [../src/knn.cpp:129]   --->   Operation 61 'load' 'max_load' <Predicate = true> <Delay = 0.00>
ST_6 : Operation 62 [1/1] (0.00ns)   --->   "%max_label_load_1 = load i32 %max_label" [../src/knn.cpp:129]   --->   Operation 62 'load' 'max_label_load_1' <Predicate = true> <Delay = 0.00>
ST_6 : Operation 63 [1/1] (0.00ns)   --->   "%specpipeline_ln128 = specpipeline void @_ssdm_op_SpecPipeline, i32 0, i32 0, i32 1, i32 0, i32 4294967295, void @empty_0" [../src/knn.cpp:128]   --->   Operation 63 'specpipeline' 'specpipeline_ln128' <Predicate = true> <Delay = 0.00>
ST_6 : Operation 64 [1/1] (0.00ns)   --->   "%speclooptripcount_ln125 = speclooptripcount void @_ssdm_op_SpecLoopTripCount, i64 10, i64 10, i64 10" [../src/knn.cpp:125]   --->   Operation 64 'speclooptripcount' 'speclooptripcount_ln125' <Predicate = true> <Delay = 0.00>
ST_6 : Operation 65 [1/1] (0.00ns)   --->   "%specloopname_ln127 = specloopname void @_ssdm_op_SpecLoopName, void @empty_17" [../src/knn.cpp:127]   --->   Operation 65 'specloopname' 'specloopname_ln127' <Predicate = true> <Delay = 0.00>
ST_6 : Operation 66 [1/2] ( I:2.32ns O:2.32ns )   --->   "%counts_load_1 = load i4 %counts_addr_2" [../src/knn.cpp:129]   --->   Operation 66 'load' 'counts_load_1' <Predicate = true> <Delay = 2.32> <CoreInst = "RAM">   --->   Core 81 'RAM' <Latency = 1> <II = 1> <Delay = 2.32> <Storage> <Opcode : 'load' 'store'> <Ports = 2> <Width = 32> <Depth = 10> <RAM>
ST_6 : Operation 67 [1/1] (2.55ns)   --->   "%icmp_ln129 = icmp_sgt  i32 %counts_load_1, i32 %max_load" [../src/knn.cpp:129]   --->   Operation 67 'icmp' 'icmp_ln129' <Predicate = true> <Delay = 2.55> <CoreInst = "Cmp">   --->   Core 9 'Cmp' <Latency = 0> <II = 1> <Delay = 2.55> <FuncUnit> <Opcode : 'seteq' 'setne' 'setle' 'setge' 'setlt' 'setgt'> <InPorts = 2> <OutPorts = 1>
ST_6 : Operation 68 [1/1] (0.69ns)   --->   "%max_1 = select i1 %icmp_ln129, i32 %counts_load_1, i32 %max_load" [../src/knn.cpp:129]   --->   Operation 68 'select' 'max_1' <Predicate = true> <Delay = 0.69> <CoreInst = "Sel">   --->   Core 73 'Sel' <Latency = 0> <II = 1> <Delay = 0.69> <FuncUnit> <Opcode : 'select'> <InPorts = 3> <OutPorts = 1>
ST_6 : Operation 69 [1/1] (0.00ns)   --->   "%zext_ln129 = zext i4 %i_5" [../src/knn.cpp:129]   --->   Operation 69 'zext' 'zext_ln129' <Predicate = true> <Delay = 0.00>
ST_6 : Operation 70 [1/1] (0.69ns)   --->   "%max_label_1 = select i1 %icmp_ln129, i32 %zext_ln129, i32 %max_label_load_1" [../src/knn.cpp:129]   --->   Operation 70 'select' 'max_label_1' <Predicate = true> <Delay = 0.69> <CoreInst = "Sel">   --->   Core 73 'Sel' <Latency = 0> <II = 1> <Delay = 0.69> <FuncUnit> <Opcode : 'select'> <InPorts = 3> <OutPorts = 1>
ST_6 : Operation 71 [1/1] (0.00ns)   --->   "%store_ln126 = store i32 %max_label_1, i32 %max_label" [../src/knn.cpp:126]   --->   Operation 71 'store' 'store_ln126' <Predicate = true> <Delay = 0.00>
ST_6 : Operation 72 [1/1] (1.58ns)   --->   "%store_ln125 = store i32 %max_1, i32 %max" [../src/knn.cpp:125]   --->   Operation 72 'store' 'store_ln125' <Predicate = true> <Delay = 1.58>
ST_6 : Operation 73 [1/1] (0.00ns)   --->   "%br_ln127 = br void %for.body18" [../src/knn.cpp:127]   --->   Operation 73 'br' 'br_ln127' <Predicate = true> <Delay = 0.00>


============================================================
+ Verbose Summary: Timing violations
============================================================
Target clock period: 10.000ns, clock uncertainty: 2.700ns.

 <State 1>: 1.588ns
The critical path consists of the following:
	'alloca' operation 4 bit ('i', ../src/knn.cpp:101) [4]  (0.000 ns)
	'store' operation ('store_ln101', ../src/knn.cpp:101) of constant 0 4 bit on local variable 'i', ../src/knn.cpp:101 [9]  (1.588 ns)

 <State 2>: 4.057ns
The critical path consists of the following:
	'load' operation 4 bit ('i', ../src/knn.cpp:101) on local variable 'i', ../src/knn.cpp:101 [12]  (0.000 ns)
	'icmp' operation 1 bit ('icmp_ln101', ../src/knn.cpp:101) [13]  (1.735 ns)
	'store' operation ('store_ln103', ../src/knn.cpp:103) of constant 0 32 bit on array 'counts', ../src/knn.cpp:94 [22]  (2.322 ns)

 <State 3>: 3.910ns
The critical path consists of the following:
	'load' operation 2 bit ('i', ../src/knn.cpp:113) on local variable 'i', ../src/knn.cpp:113 [30]  (0.000 ns)
	'sparsemux' operation 4 bit ('idx', ../src/knn.cpp:115) [38]  (1.588 ns)
	'getelementptr' operation 4 bit ('counts_addr_1', ../src/knn.cpp:116) [40]  (0.000 ns)
	'load' operation 32 bit ('counts_load', ../src/knn.cpp:116) on array 'counts', ../src/knn.cpp:94 [41]  (2.322 ns)

 <State 4>: 7.196ns
The critical path consists of the following:
	'load' operation 32 bit ('counts_load', ../src/knn.cpp:116) on array 'counts', ../src/knn.cpp:94 [41]  (2.322 ns)
	'add' operation 32 bit ('add_ln116', ../src/knn.cpp:116) [42]  (2.552 ns)
	'store' operation ('store_ln116', ../src/knn.cpp:116) of variable 'add_ln116', ../src/knn.cpp:116 32 bit on array 'counts', ../src/knn.cpp:94 [43]  (2.322 ns)

 <State 5>: 3.323ns
The critical path consists of the following:
	'load' operation 4 bit ('i', ../src/knn.cpp:127) on local variable 'i', ../src/knn.cpp:127 [54]  (0.000 ns)
	'icmp' operation 1 bit ('icmp_ln127', ../src/knn.cpp:127) [55]  (1.735 ns)
	'store' operation ('store_ln127', ../src/knn.cpp:127) of variable 'add_ln127', ../src/knn.cpp:127 4 bit on local variable 'i', ../src/knn.cpp:127 [71]  (1.588 ns)

 <State 6>: 7.160ns
The critical path consists of the following:
	'load' operation 32 bit ('counts_load_1', ../src/knn.cpp:129) on array 'counts', ../src/knn.cpp:94 [66]  (2.322 ns)
	'icmp' operation 1 bit ('icmp_ln129', ../src/knn.cpp:129) [67]  (2.552 ns)
	'select' operation 32 bit ('max', ../src/knn.cpp:129) [68]  (0.698 ns)
	'store' operation ('store_ln125', ../src/knn.cpp:125) of variable 'max', ../src/knn.cpp:129 32 bit on local variable 'max', ../src/knn.cpp:125 [73]  (1.588 ns)


============================================================
+ Verbose Summary: Binding
============================================================
N/A
* FSMD analyzer results:
  - Output states:
 - Input state : 
  - Chain level:
	State 1
	State 2
	State 3
	State 4
	State 5
	State 6


============================================================
+ Verbose Summary: Datapath Resource usage 
============================================================
N/A
